MPLINK 5.00, LINKER
Linker Map File - Created Thu Nov 09 15:40:23 2017

                                 Section Info
                  Section       Type    Address   Location Size(Bytes)
                ---------  ---------  ---------  ---------  ---------
               _entry_scn       code   0x000000    program   0x000006
               highVector       code   0x000008    program   0x00000c
                lowVector       code   0x000018    program   0x000006
                   .cinit    romdata   0x00002a    program   0x00000e
          .code_UCOS_II.o       code   0x000038    program   0x0024f0
         .code_OS_CPU_C.o       code   0x002528    program   0x00054a
      .code_code_lab2_1.o       code   0x002a72    program   0x0001d8
       .romdata_UCOS_II.o    romdata   0x002c4a    program   0x000108
         .code_openxlcd.o       code   0x002d52    program   0x0000ec
               _cinit_scn       code   0x002e3e    program   0x00009e
         .code_putrxlcd.o       code   0x002edc    program   0x000076
          .code_fxm3232.o       code   0x002f52    program   0x000070
         .code_setddram.o       code   0x002fc2    program   0x00005e
         .code_setcgram.o       code   0x003020    program   0x00005e
         .code_writdata.o       code   0x00307e    program   0x00005c
         .code_wcmdxlcd.o       code   0x0030da    program   0x00005c
         .code_putsxlcd.o       code   0x003136    program   0x00005a
         .code_readdata.o       code   0x003190    program   0x000052
         .code_readaddr.o       code   0x0031e2    program   0x000052
         .code_fxd3232u.o       code   0x003234    program   0x000048
         .code_busyxlcd.o       code   0x00327c    program   0x00003e
          .code_t0write.o       code   0x0032ba    program   0x000038
           .code_t0open.o       code   0x0032f2    program   0x000038
                   STRING       code   0x00332a    program   0x000034
             D10KTCYXCODE       code   0x00335e    program   0x00002e
              D1KTCYXCODE       code   0x00338c    program   0x000020
                    .code       code   0x0033ac    program   0x000020
             _startup_scn       code   0x0033cc    program   0x00001c
          .code_VECTORS.o       code   0x0033e8    program   0x00001a
              D10TCYXCODE       code   0x003402    program   0x000016
           .code___init.o       code   0x003418    program   0x000002
        .romdata___init.o    romdata   0x00341a    program   0x000000
   .idata_code_lab2_1.o_i    romdata   0x00341a    program   0x000023
   .romdata_code_lab2_1.o    romdata   0x00341a    program   0x000000
       .romdata_t0write.o    romdata   0x00341a    program   0x000000
       .idata_t0write.o_i    romdata   0x00341a    program   0x000000
             .stringtable    romdata   0x00341a    program   0x000000
        .romdata_t0open.o    romdata   0x00341a    program   0x000000
      .idata_fxd3232u.o_i    romdata   0x00341a    program   0x000000
        .idata_t0open.o_i    romdata   0x00341a    program   0x000000
      .romdata_fxd3232u.o    romdata   0x00341a    program   0x000000
       .romdata_fxm3232.o    romdata   0x00341a    program   0x000000
       .idata_fxm3232.o_i    romdata   0x00341a    program   0x000000
         .romdata_c018i.o    romdata   0x00341a    program   0x000000
      .romdata_busyxlcd.o    romdata   0x00341a    program   0x000000
      .idata_openxlcd.o_i    romdata   0x00341a    program   0x000000
      .romdata_openxlcd.o    romdata   0x00341a    program   0x000000
      .idata_putrxlcd.o_i    romdata   0x00341a    program   0x000000
      .romdata_putrxlcd.o    romdata   0x00341a    program   0x000000
      .idata_putsxlcd.o_i    romdata   0x00341a    program   0x000000
      .romdata_putsxlcd.o    romdata   0x00341a    program   0x000000
      .idata_readaddr.o_i    romdata   0x00341a    program   0x000000
      .romdata_readaddr.o    romdata   0x00341a    program   0x000000
      .idata_readdata.o_i    romdata   0x00341a    program   0x000000
      .romdata_readdata.o    romdata   0x00341a    program   0x000000
      .idata_setcgram.o_i    romdata   0x00341a    program   0x000000
      .romdata_setcgram.o    romdata   0x00341a    program   0x000000
      .idata_setddram.o_i    romdata   0x00341a    program   0x000000
      .romdata_setddram.o    romdata   0x00341a    program   0x000000
      .idata_wcmdxlcd.o_i    romdata   0x00341a    program   0x000000
       .romdata_VECTORS.o    romdata   0x00341a    program   0x000000
      .romdata_wcmdxlcd.o    romdata   0x00341a    program   0x000000
      .idata_writdata.o_i    romdata   0x00341a    program   0x000000
      .romdata_writdata.o    romdata   0x00341a    program   0x000000
      .romdata_OS_CPU_C.o    romdata   0x00341a    program   0x000000
         .idata_c018i.o_i    romdata   0x00343d    program   0x000000
      .idata_busyxlcd.o_i    romdata   0x00343d    program   0x000000
        .idata___init.o_i    romdata   0x00343d    program   0x000000
       .idata_UCOS_II.o_i    romdata   0x00343d    program   0x000000
       .idata_VECTORS.o_i    romdata   0x00343d    program   0x000000
      .idata_OS_CPU_C.o_i    romdata   0x00343d    program   0x000000
            .code_c018i.o       code   0x00343e    program   0x000000
.config_300001_code_lab2_1.o    romdata   0x300001    program   0x000001
.config_300003_code_lab2_1.o    romdata   0x300003    program   0x000001
.config_300006_code_lab2_1.o    romdata   0x300006    program   0x000001
                 .tmpdata      udata   0x000000       data   0x000014
                MATH_DATA      udata   0x000014       data   0x000010
                DELAYDAT2      udata   0x000024       data   0x000001
                DELAYDAT1      udata   0x000025       data   0x000001
                   .stack      udata   0x000080       data   0x000030
         .udata_UCOS_II.o      udata   0x0000b0       data   0x000254
     .udata_code_lab2_1.o      udata   0x000304       data   0x000190
     .idata_code_lab2_1.o      idata   0x000494       data   0x000023
           .udata_c018i.o      udata   0x0004b7       data   0x00000a
        .idata_OS_CPU_C.o      idata   0x0004c1       data   0x000000
         .udata_VECTORS.o      udata   0x0004c1       data   0x000000
         .idata_VECTORS.o      idata   0x0004c1       data   0x000000
         .idata_UCOS_II.o      idata   0x0004c1       data   0x000000
        .udata_busyxlcd.o      udata   0x0004c1       data   0x000000
           .idata_c018i.o      idata   0x0004c1       data   0x000000
        .udata_fxd3232u.o      udata   0x0004c1       data   0x000000
        .idata_fxd3232u.o      idata   0x0004c1       data   0x000000
         .udata_fxm3232.o      udata   0x0004c1       data   0x000000
         .idata_fxm3232.o      idata   0x0004c1       data   0x000000
          .udata_t0open.o      udata   0x0004c1       data   0x000000
          .idata_t0open.o      idata   0x0004c1       data   0x000000
         .udata_t0write.o      udata   0x0004c1       data   0x000000
         .idata_t0write.o      idata   0x0004c1       data   0x000000
          .udata___init.o      udata   0x0004c1       data   0x000000
          .idata___init.o      idata   0x0004c1       data   0x000000
        .idata_busyxlcd.o      idata   0x0004c1       data   0x000000
        .udata_openxlcd.o      udata   0x0004c1       data   0x000000
        .idata_openxlcd.o      idata   0x0004c1       data   0x000000
        .udata_putrxlcd.o      udata   0x0004c1       data   0x000000
        .idata_putrxlcd.o      idata   0x0004c1       data   0x000000
        .udata_putsxlcd.o      udata   0x0004c1       data   0x000000
        .idata_putsxlcd.o      idata   0x0004c1       data   0x000000
        .udata_readaddr.o      udata   0x0004c1       data   0x000000
        .idata_readaddr.o      idata   0x0004c1       data   0x000000
        .udata_readdata.o      udata   0x0004c1       data   0x000000
        .idata_readdata.o      idata   0x0004c1       data   0x000000
        .udata_setcgram.o      udata   0x0004c1       data   0x000000
        .idata_setcgram.o      idata   0x0004c1       data   0x000000
        .udata_setddram.o      udata   0x0004c1       data   0x000000
        .idata_setddram.o      idata   0x0004c1       data   0x000000
        .udata_wcmdxlcd.o      udata   0x0004c1       data   0x000000
        .idata_wcmdxlcd.o      idata   0x0004c1       data   0x000000
        .udata_writdata.o      udata   0x0004c1       data   0x000000
        .idata_writdata.o      idata   0x0004c1       data   0x000000
        .udata_OS_CPU_C.o      udata   0x0004c1       data   0x000000
            SFR_UNBANKED0      udata   0x000f80       data   0x000080



                              Program Memory Usage 
                               Start         End      
                           ---------   ---------      
                            0x000000    0x000005      
                            0x000008    0x000013      
                            0x000018    0x00001d      
                            0x00002a    0x00343c      
                            0x300001    0x300001      
                            0x300003    0x300003      
                            0x300006    0x300006      
            13358 out of 33048 program addresses used, program memory utilization is 40%



                              Symbols - Sorted by Name
                     Name    Address   Location    Storage File                     
                ---------  ---------  ---------  --------- ---------                
                 BusyXLCD   0x00327c    program     extern C:\Users\Chan\Desktop\rec\1 NTFS\ECNG3006\L02_815009698_old.X\busyxlcd.c
     CPUhighInterruptHook   0x0033fc    program     extern C:\Users\Chan\Desktop\rec\1 NTFS\ECNG3006\L02_815009698_old.X\VECTORS.C
            CPUhighVector   0x000008    program     extern C:\Users\Chan\Desktop\rec\1 NTFS\ECNG3006\L02_815009698_old.X\OS_CPU_C.C
          CPUlowInterrupt   0x002918    program     extern C:\Users\Chan\Desktop\rec\1 NTFS\ECNG3006\L02_815009698_old.X\OS_CPU_C.C
      CPUlowInterruptHook   0x0033e8    program     extern C:\Users\Chan\Desktop\rec\1 NTFS\ECNG3006\L02_815009698_old.X\VECTORS.C
             CPUlowVector   0x000018    program     extern C:\Users\Chan\Desktop\rec\1 NTFS\ECNG3006\L02_815009698_old.X\OS_CPU_C.C
                   D10K_1   0x00336a    program     static E:\3.46\pic18-lt\cxx-framework\src\traditional\delays\d10ktcyx.asm
                    D10Kl   0x003376    program     static E:\3.46\pic18-lt\cxx-framework\src\traditional\delays\d10ktcyx.asm
                    D10Kx   0x003368    program     static E:\3.46\pic18-lt\cxx-framework\src\traditional\delays\d10ktcyx.asm
                    D10_1   0x003412    program     static E:\3.46\pic18-lt\cxx-framework\src\traditional\delays\d10tcyx.asm
                     D10x   0x00340a    program     static E:\3.46\pic18-lt\cxx-framework\src\traditional\delays\d10tcyx.asm
                    D1K_1   0x003398    program     static E:\3.46\pic18-lt\cxx-framework\src\traditional\delays\d1ktcyx.asm
                     D1Kx   0x003396    program     static E:\3.46\pic18-lt\cxx-framework\src\traditional\delays\d1ktcyx.asm
             Delay10KTCYx   0x00335e    program     extern E:\3.46\pic18-lt\cxx-framework\src\traditional\delays\d10ktcyx.asm
              Delay10TCYx   0x003402    program     extern E:\3.46\pic18-lt\cxx-framework\src\traditional\delays\d10tcyx.asm
              Delay1KTCYx   0x00338c    program     extern E:\3.46\pic18-lt\cxx-framework\src\traditional\delays\d1ktcyx.asm
            DelayFor18TCY   0x002a72    program     extern C:\Users\Chan\Desktop\rec\1 NTFS\ECNG3006\L02_815009698_old.X\code_lab2_1.C
             DelayPORXLCD   0x002a8e    program     extern C:\Users\Chan\Desktop\rec\1 NTFS\ECNG3006\L02_815009698_old.X\code_lab2_1.C
                DelayXLCD   0x002a9a    program     extern C:\Users\Chan\Desktop\rec\1 NTFS\ECNG3006\L02_815009698_old.X\code_lab2_1.C
                 FXD3232U   0x003234    program     extern E:\3.46\pic18-lt\cxx-framework\src\traditional\math\fxd3232u.c
                  FXM3232   0x002f52    program     extern E:\3.46\pic18-lt\cxx-framework\src\traditional\math\fxm3232.c
                  OSCtxSw   0x002822    program     extern C:\Users\Chan\Desktop\rec\1 NTFS\ECNG3006\L02_815009698_old.X\OS_CPU_C.C
                   OSInit   0x000038    program     extern C:\Users\Chan\Desktop\rec\1 NTFS\ECNG3006\L02_815009698_old.X\os_core.c
          OSInitHookBegin   0x00279a    program     extern C:\Users\Chan\Desktop\rec\1 NTFS\ECNG3006\L02_815009698_old.X\OS_CPU_C.C
            OSInitHookEnd   0x00279c    program     extern C:\Users\Chan\Desktop\rec\1 NTFS\ECNG3006\L02_815009698_old.X\OS_CPU_C.C
               OSIntCtxSw   0x0029aa    program     extern C:\Users\Chan\Desktop\rec\1 NTFS\ECNG3006\L02_815009698_old.X\OS_CPU_C.C
               OSIntEnter   0x00004e    program     extern C:\Users\Chan\Desktop\rec\1 NTFS\ECNG3006\L02_815009698_old.X\os_core.c
                OSIntExit   0x000072    program     extern C:\Users\Chan\Desktop\rec\1 NTFS\ECNG3006\L02_815009698_old.X\os_core.c
                 OSMapTbl   0x002c4a    program     extern C:\Users\Chan\Desktop\rec\1 NTFS\ECNG3006\L02_815009698_old.X\os_core.c
              OSSchedLock   0x00017e    program     extern C:\Users\Chan\Desktop\rec\1 NTFS\ECNG3006\L02_815009698_old.X\os_core.c
            OSSchedUnlock   0x0001d2    program     extern C:\Users\Chan\Desktop\rec\1 NTFS\ECNG3006\L02_815009698_old.X\os_core.c
                  OSStart   0x000230    program     extern C:\Users\Chan\Desktop\rec\1 NTFS\ECNG3006\L02_815009698_old.X\os_core.c
           OSStartHighRdy   0x00279e    program     extern C:\Users\Chan\Desktop\rec\1 NTFS\ECNG3006\L02_815009698_old.X\OS_CPU_C.C
               OSStatInit   0x000312    program     extern C:\Users\Chan\Desktop\rec\1 NTFS\ECNG3006\L02_815009698_old.X\os_core.c
            OSTCBInitHook   0x00277c    program     extern C:\Users\Chan\Desktop\rec\1 NTFS\ECNG3006\L02_815009698_old.X\OS_CPU_C.C
         OSTaskChangePrio   0x000ee8    program     extern C:\Users\Chan\Desktop\rec\1 NTFS\ECNG3006\L02_815009698_old.X\os_task.c
             OSTaskCreate   0x001252    program     extern C:\Users\Chan\Desktop\rec\1 NTFS\ECNG3006\L02_815009698_old.X\os_task.c
          OSTaskCreateExt   0x0013f8    program     extern C:\Users\Chan\Desktop\rec\1 NTFS\ECNG3006\L02_815009698_old.X\os_task.c
         OSTaskCreateHook   0x00273c    program     extern C:\Users\Chan\Desktop\rec\1 NTFS\ECNG3006\L02_815009698_old.X\OS_CPU_C.C
                OSTaskDel   0x00160e    program     extern C:\Users\Chan\Desktop\rec\1 NTFS\ECNG3006\L02_815009698_old.X\os_task.c
            OSTaskDelHook   0x002758    program     extern C:\Users\Chan\Desktop\rec\1 NTFS\ECNG3006\L02_815009698_old.X\OS_CPU_C.C
             OSTaskDelReq   0x00191e    program     extern C:\Users\Chan\Desktop\rec\1 NTFS\ECNG3006\L02_815009698_old.X\os_task.c
           OSTaskIdleHook   0x002798    program     extern C:\Users\Chan\Desktop\rec\1 NTFS\ECNG3006\L02_815009698_old.X\OS_CPU_C.C
             OSTaskResume   0x001a4e    program     extern C:\Users\Chan\Desktop\rec\1 NTFS\ECNG3006\L02_815009698_old.X\os_task.c
           OSTaskStatHook   0x002778    program     extern C:\Users\Chan\Desktop\rec\1 NTFS\ECNG3006\L02_815009698_old.X\OS_CPU_C.C
             OSTaskStkChk   0x001ba6    program     extern C:\Users\Chan\Desktop\rec\1 NTFS\ECNG3006\L02_815009698_old.X\os_task.c
            OSTaskStkInit   0x002528    program     extern C:\Users\Chan\Desktop\rec\1 NTFS\ECNG3006\L02_815009698_old.X\OS_CPU_C.C
            OSTaskSuspend   0x001de6    program     extern C:\Users\Chan\Desktop\rec\1 NTFS\ECNG3006\L02_815009698_old.X\os_task.c
             OSTaskSwHook   0x002774    program     extern C:\Users\Chan\Desktop\rec\1 NTFS\ECNG3006\L02_815009698_old.X\OS_CPU_C.C
                OSTimeDly   0x001f7e    program     extern C:\Users\Chan\Desktop\rec\1 NTFS\ECNG3006\L02_815009698_old.X\os_time.c
            OSTimeDlyHMSM   0x002028    program     extern C:\Users\Chan\Desktop\rec\1 NTFS\ECNG3006\L02_815009698_old.X\os_time.c
          OSTimeDlyResume   0x002304    program     extern C:\Users\Chan\Desktop\rec\1 NTFS\ECNG3006\L02_815009698_old.X\os_time.c
                OSTimeGet   0x002458    program     extern C:\Users\Chan\Desktop\rec\1 NTFS\ECNG3006\L02_815009698_old.X\os_time.c
                OSTimeSet   0x0024de    program     extern C:\Users\Chan\Desktop\rec\1 NTFS\ECNG3006\L02_815009698_old.X\os_time.c
               OSTimeTick   0x000392    program     extern C:\Users\Chan\Desktop\rec\1 NTFS\ECNG3006\L02_815009698_old.X\os_core.c
           OSTimeTickHook   0x00277a    program     extern C:\Users\Chan\Desktop\rec\1 NTFS\ECNG3006\L02_815009698_old.X\OS_CPU_C.C
               OSUnMapTbl   0x002c52    program     extern C:\Users\Chan\Desktop\rec\1 NTFS\ECNG3006\L02_815009698_old.X\os_core.c
                OSVersion   0x000524    program     extern C:\Users\Chan\Desktop\rec\1 NTFS\ECNG3006\L02_815009698_old.X\os_core.c
                 OS_Dummy   0x00052e    program     extern C:\Users\Chan\Desktop\rec\1 NTFS\ECNG3006\L02_815009698_old.X\os_core.c
         OS_InitEventList   0x000530    program     static C:\Users\Chan\Desktop\rec\1 NTFS\ECNG3006\L02_815009698_old.X\os_core.c
              OS_InitMisc   0x000532    program     static C:\Users\Chan\Desktop\rec\1 NTFS\ECNG3006\L02_815009698_old.X\os_core.c
           OS_InitRdyList   0x00057a    program     static C:\Users\Chan\Desktop\rec\1 NTFS\ECNG3006\L02_815009698_old.X\os_core.c
           OS_InitTCBList   0x0006ce    program     static C:\Users\Chan\Desktop\rec\1 NTFS\ECNG3006\L02_815009698_old.X\os_core.c
          OS_InitTaskIdle   0x000620    program     static C:\Users\Chan\Desktop\rec\1 NTFS\ECNG3006\L02_815009698_old.X\os_core.c
          OS_InitTaskStat   0x000676    program     static C:\Users\Chan\Desktop\rec\1 NTFS\ECNG3006\L02_815009698_old.X\os_core.c
                 OS_Sched   0x000802    program     extern C:\Users\Chan\Desktop\rec\1 NTFS\ECNG3006\L02_815009698_old.X\os_core.c
               OS_TCBInit   0x000b2c    program     extern C:\Users\Chan\Desktop\rec\1 NTFS\ECNG3006\L02_815009698_old.X\os_core.c
              OS_TaskIdle   0x000902    program     extern C:\Users\Chan\Desktop\rec\1 NTFS\ECNG3006\L02_815009698_old.X\os_core.c
              OS_TaskStat   0x00095e    program     extern C:\Users\Chan\Desktop\rec\1 NTFS\ECNG3006\L02_815009698_old.X\os_core.c
               OpenTimer0   0x0032f2    program     extern E:\3.46\pic18-lt\cxx-framework\src\pmc_common\Timers\t0open.c
                 OpenXLCD   0x002d52    program     extern C:\Users\Chan\Desktop\rec\1 NTFS\ECNG3006\L02_815009698_old.X\openxlcd.c
             ReadAddrXLCD   0x0031e2    program     extern C:\Users\Chan\Desktop\rec\1 NTFS\ECNG3006\L02_815009698_old.X\readaddr.c
             ReadDataXLCD   0x003190    program     extern C:\Users\Chan\Desktop\rec\1 NTFS\ECNG3006\L02_815009698_old.X\readdata.c
             SetCGRamAddr   0x003020    program     extern C:\Users\Chan\Desktop\rec\1 NTFS\ECNG3006\L02_815009698_old.X\setcgram.c
             SetDDRamAddr   0x002fc2    program     extern C:\Users\Chan\Desktop\rec\1 NTFS\ECNG3006\L02_815009698_old.X\setddram.c
                    TaskA   0x002aa6    program     extern C:\Users\Chan\Desktop\rec\1 NTFS\ECNG3006\L02_815009698_old.X\code_lab2_1.C
                    TaskB   0x002b1a    program     extern C:\Users\Chan\Desktop\rec\1 NTFS\ECNG3006\L02_815009698_old.X\code_lab2_1.C
             WriteCmdXLCD   0x0030da    program     extern C:\Users\Chan\Desktop\rec\1 NTFS\ECNG3006\L02_815009698_old.X\wcmdxlcd.c
            WriteDataXLCD   0x00307e    program     extern C:\Users\Chan\Desktop\rec\1 NTFS\ECNG3006\L02_815009698_old.X\writdata.c
              WriteTimer0   0x0032ba    program     extern E:\3.46\pic18-lt\cxx-framework\src\pmc_common\Timers\t0write.c
              _2jContinue   0x00334a    program     static E:\3.46\pic18-lt\cxx-framework\src\traditional\stdclib\memset.asm
                   _3jEnd   0x003354    program     static E:\3.46\pic18-lt\cxx-framework\src\traditional\stdclib\memset.asm
       _D10KTCYXCODE_0010   0x00336e    program     static E:\3.46\pic18-lt\cxx-framework\src\traditional\delays\d10ktcyx.asm
       _D10KTCYXCODE_001C   0x00337a    program     static E:\3.46\pic18-lt\cxx-framework\src\traditional\delays\d10ktcyx.asm
        _D10TCYXCODE_000A   0x00340c    program     static E:\3.46\pic18-lt\cxx-framework\src\traditional\delays\d10tcyx.asm
        _D10TCYXCODE_000C   0x00340e    program     static E:\3.46\pic18-lt\cxx-framework\src\traditional\delays\d10tcyx.asm
        _D10TCYXCODE_000E   0x003410    program     static E:\3.46\pic18-lt\cxx-framework\src\traditional\delays\d10tcyx.asm
        _D1KTCYXCODE_0010   0x00339c    program     static E:\3.46\pic18-lt\cxx-framework\src\traditional\delays\d1ktcyx.asm
        _D1KTCYXCODE_0016   0x0033a2    program     static E:\3.46\pic18-lt\cxx-framework\src\traditional\delays\d1ktcyx.asm
           ___do_lbl00014   0x0027da    program     static                          
           ___do_lbl00015   0x0027de    program     static                          
           ___do_lbl00016   0x0027cc    program     static                          
           ___do_lbl00021   0x0028d0    program     static                          
           ___do_lbl00022   0x0028d4    program     static                          
           ___do_lbl00023   0x0028c2    program     static                          
           ___do_lbl00034   0x002a2a    program     static                          
           ___do_lbl00035   0x002a2e    program     static                          
           ___do_lbl00036   0x002a1c    program     static                          
           ___if_lbl00013   0x0027c6    program     static                          
           ___if_lbl00020   0x00288e    program     static                          
           ___if_lbl00030   0x0029d8    program     static                          
           ___if_lbl00033   0x002a16    program     static                          
       ___return_lbl00000   0x002a8c    program     static                          
       ___return_lbl00000   0x00327a    program     static                          
       ___return_lbl00000   0x002fc0    program     static                          
       ___return_lbl00000   0x000004    program     static                          
       ___return_lbl00001   0x0033e6    program     static                          
       ___return_lbl00002   0x002eda    program     static                          
       ___return_lbl00003   0x002776    program     static                          
       ___return_lbl00010   0x002820    program     static                          
       ___return_lbl00017   0x002916    program     static                          
       ___return_lbl00024   0x000012    program     static                          
       ___return_lbl00025   0x00001c    program     static                          
       ___return_lbl00026   0x0029a8    program     static                          
       ___return_lbl00027   0x002a70    program     static                          
        ___while_lbl00011   0x0027b6    program     static                          
        ___while_lbl00012   0x0027c0    program     static                          
        ___while_lbl00018   0x00286c    program     static                          
        ___while_lbl00019   0x002884    program     static                          
        ___while_lbl00028   0x0029b6    program     static                          
        ___while_lbl00029   0x0029ce    program     static                          
        ___while_lbl00031   0x002a06    program     static                          
        ___while_lbl00032   0x002a10    program     static                          
               __config_0   0x300001    program     static C:\Users\Chan\Desktop\rec\1 NTFS\ECNG3006\L02_815009698_old.X\code_lab2_1.C
               __config_1   0x300003    program     static C:\Users\Chan\Desktop\rec\1 NTFS\ECNG3006\L02_815009698_old.X\code_lab2_1.C
               __config_2   0x300006    program     static C:\Users\Chan\Desktop\rec\1 NTFS\ECNG3006\L02_815009698_old.X\code_lab2_1.C
                   __init   0x003418    program     extern E:\3.46\pic18-lt\cxx-framework\src\traditional\stdclib\__init.c
            __zero_memory   0x0033ac    program     extern E:\3.46\pic18-lt\cxx-framework\src\traditional\proc\p18f452.asm
                _do_cinit   0x002e3e    program     extern E:\3.46\pic18-lt\cxx-framework\src\traditional\startup\c018i.c
                   _entry   0x000000    program     extern E:\3.46\pic18-lt\cxx-framework\src\traditional\startup\c018i.c
                   _false   0x003276    program     static                          
                 _startup   0x0033cc    program     extern E:\3.46\pic18-lt\cxx-framework\src\traditional\startup\c018i.c
                compare_l   0x0033c2    program     static E:\3.46\pic18-lt\cxx-framework\src\traditional\proc\p18f452.asm
                copy_loop   0x002eb0    program     static                          
            copy_one_byte   0x002eb6    program     static                          
                     done   0x002eda    program     static                          
             done_copying   0x002ec4    program     static                          
                     jEnd   0x00335c    program     static E:\3.46\pic18-lt\cxx-framework\src\traditional\stdclib\memset.asm
                    jLoop   0x00333e    program     static E:\3.46\pic18-lt\cxx-framework\src\traditional\stdclib\memset.asm
                     loop   0x003242    program     static                          
                     loop   0x0033dc    program     static                          
                   loop_h   0x0033ba    program     static E:\3.46\pic18-lt\cxx-framework\src\traditional\proc\p18f452.asm
                   loop_l   0x0033c4    program     static E:\3.46\pic18-lt\cxx-framework\src\traditional\proc\p18f452.asm
                     main   0x002b7c    program     extern C:\Users\Chan\Desktop\rec\1 NTFS\ECNG3006\L02_815009698_old.X\code_lab2_1.C
                   memset   0x00332a    program     extern E:\3.46\pic18-lt\cxx-framework\src\traditional\stdclib\memset.asm
                putrsXLCD   0x002edc    program     extern C:\Users\Chan\Desktop\rec\1 NTFS\ECNG3006\L02_815009698_old.X\putrxlcd.c
                 putsXLCD   0x003136    program     extern C:\Users\Chan\Desktop\rec\1 NTFS\ECNG3006\L02_815009698_old.X\putsxlcd.c
                     test   0x002e58    program     static                          
               zero_block   0x0033ba    program     static E:\3.46\pic18-lt\cxx-framework\src\traditional\proc\p18f452.asm
                   ADCON0   0x000fc2       data     extern E:\3.46\pic18-lt\cxx-framework\src\traditional\proc\p18f452.asm
               ADCON0bits   0x000fc2       data     extern E:\3.46\pic18-lt\cxx-framework\src\traditional\proc\p18f452.asm
                   ADCON1   0x000fc1       data     extern E:\3.46\pic18-lt\cxx-framework\src\traditional\proc\p18f452.asm
               ADCON1bits   0x000fc1       data     extern E:\3.46\pic18-lt\cxx-framework\src\traditional\proc\p18f452.asm
                    ADRES   0x000fc3       data     extern E:\3.46\pic18-lt\cxx-framework\src\traditional\proc\p18f452.asm
                   ADRESH   0x000fc4       data     extern E:\3.46\pic18-lt\cxx-framework\src\traditional\proc\p18f452.asm
                   ADRESL   0x000fc3       data     extern E:\3.46\pic18-lt\cxx-framework\src\traditional\proc\p18f452.asm
                      BSR   0x000fe0       data     extern E:\3.46\pic18-lt\cxx-framework\src\traditional\proc\p18f452.asm
                  CCP1CON   0x000fbd       data     extern E:\3.46\pic18-lt\cxx-framework\src\traditional\proc\p18f452.asm
              CCP1CONbits   0x000fbd       data     extern E:\3.46\pic18-lt\cxx-framework\src\traditional\proc\p18f452.asm
                  CCP2CON   0x000fba       data     extern E:\3.46\pic18-lt\cxx-framework\src\traditional\proc\p18f452.asm
              CCP2CONbits   0x000fba       data     extern E:\3.46\pic18-lt\cxx-framework\src\traditional\proc\p18f452.asm
                    CCPR1   0x000fbe       data     extern E:\3.46\pic18-lt\cxx-framework\src\traditional\proc\p18f452.asm
                   CCPR1H   0x000fbf       data     extern E:\3.46\pic18-lt\cxx-framework\src\traditional\proc\p18f452.asm
                   CCPR1L   0x000fbe       data     extern E:\3.46\pic18-lt\cxx-framework\src\traditional\proc\p18f452.asm
                    CCPR2   0x000fbb       data     extern E:\3.46\pic18-lt\cxx-framework\src\traditional\proc\p18f452.asm
                   CCPR2H   0x000fbc       data     extern E:\3.46\pic18-lt\cxx-framework\src\traditional\proc\p18f452.asm
                   CCPR2L   0x000fbb       data     extern E:\3.46\pic18-lt\cxx-framework\src\traditional\proc\p18f452.asm
                     DDRA   0x000f92       data     extern E:\3.46\pic18-lt\cxx-framework\src\traditional\proc\p18f452.asm
                 DDRAbits   0x000f92       data     extern E:\3.46\pic18-lt\cxx-framework\src\traditional\proc\p18f452.asm
                     DDRB   0x000f93       data     extern E:\3.46\pic18-lt\cxx-framework\src\traditional\proc\p18f452.asm
                 DDRBbits   0x000f93       data     extern E:\3.46\pic18-lt\cxx-framework\src\traditional\proc\p18f452.asm
                     DDRC   0x000f94       data     extern E:\3.46\pic18-lt\cxx-framework\src\traditional\proc\p18f452.asm
                 DDRCbits   0x000f94       data     extern E:\3.46\pic18-lt\cxx-framework\src\traditional\proc\p18f452.asm
                     DDRD   0x000f95       data     extern E:\3.46\pic18-lt\cxx-framework\src\traditional\proc\p18f452.asm
                 DDRDbits   0x000f95       data     extern E:\3.46\pic18-lt\cxx-framework\src\traditional\proc\p18f452.asm
                     DDRE   0x000f96       data     extern E:\3.46\pic18-lt\cxx-framework\src\traditional\proc\p18f452.asm
                 DDREbits   0x000f96       data     extern E:\3.46\pic18-lt\cxx-framework\src\traditional\proc\p18f452.asm
            DelayCounter1   0x000025       data     extern E:\3.46\pic18-lt\cxx-framework\src\traditional\delays\delayd1.asm
            DelayCounter2   0x000024       data     extern E:\3.46\pic18-lt\cxx-framework\src\traditional\delays\delayd2.asm
                    EEADR   0x000fa9       data     extern E:\3.46\pic18-lt\cxx-framework\src\traditional\proc\p18f452.asm
                   EECON1   0x000fa6       data     extern E:\3.46\pic18-lt\cxx-framework\src\traditional\proc\p18f452.asm
               EECON1bits   0x000fa6       data     extern E:\3.46\pic18-lt\cxx-framework\src\traditional\proc\p18f452.asm
                   EECON2   0x000fa7       data     extern E:\3.46\pic18-lt\cxx-framework\src\traditional\proc\p18f452.asm
                   EEDATA   0x000fa8       data     extern E:\3.46\pic18-lt\cxx-framework\src\traditional\proc\p18f452.asm
                     FSR0   0x000fe9       data     extern E:\3.46\pic18-lt\cxx-framework\src\traditional\proc\p18f452.asm
                    FSR0H   0x000fea       data     extern E:\3.46\pic18-lt\cxx-framework\src\traditional\proc\p18f452.asm
                    FSR0L   0x000fe9       data     extern E:\3.46\pic18-lt\cxx-framework\src\traditional\proc\p18f452.asm
                     FSR1   0x000fe1       data     extern E:\3.46\pic18-lt\cxx-framework\src\traditional\proc\p18f452.asm
                    FSR1H   0x000fe2       data     extern E:\3.46\pic18-lt\cxx-framework\src\traditional\proc\p18f452.asm
                    FSR1L   0x000fe1       data     extern E:\3.46\pic18-lt\cxx-framework\src\traditional\proc\p18f452.asm
                     FSR2   0x000fd9       data     extern E:\3.46\pic18-lt\cxx-framework\src\traditional\proc\p18f452.asm
                    FSR2H   0x000fda       data     extern E:\3.46\pic18-lt\cxx-framework\src\traditional\proc\p18f452.asm
                    FSR2L   0x000fd9       data     extern E:\3.46\pic18-lt\cxx-framework\src\traditional\proc\p18f452.asm
                    INDF0   0x000fef       data     extern E:\3.46\pic18-lt\cxx-framework\src\traditional\proc\p18f452.asm
                    INDF1   0x000fe7       data     extern E:\3.46\pic18-lt\cxx-framework\src\traditional\proc\p18f452.asm
                    INDF2   0x000fdf       data     extern E:\3.46\pic18-lt\cxx-framework\src\traditional\proc\p18f452.asm
                   INTCON   0x000ff2       data     extern E:\3.46\pic18-lt\cxx-framework\src\traditional\proc\p18f452.asm
                  INTCON1   0x000ff2       data     extern E:\3.46\pic18-lt\cxx-framework\src\traditional\proc\p18f452.asm
              INTCON1bits   0x000ff2       data     extern E:\3.46\pic18-lt\cxx-framework\src\traditional\proc\p18f452.asm
                  INTCON2   0x000ff1       data     extern E:\3.46\pic18-lt\cxx-framework\src\traditional\proc\p18f452.asm
              INTCON2bits   0x000ff1       data     extern E:\3.46\pic18-lt\cxx-framework\src\traditional\proc\p18f452.asm
                  INTCON3   0x000ff0       data     extern E:\3.46\pic18-lt\cxx-framework\src\traditional\proc\p18f452.asm
              INTCON3bits   0x000ff0       data     extern E:\3.46\pic18-lt\cxx-framework\src\traditional\proc\p18f452.asm
               INTCONbits   0x000ff2       data     extern E:\3.46\pic18-lt\cxx-framework\src\traditional\proc\p18f452.asm
                     IPR1   0x000f9f       data     extern E:\3.46\pic18-lt\cxx-framework\src\traditional\proc\p18f452.asm
                 IPR1bits   0x000f9f       data     extern E:\3.46\pic18-lt\cxx-framework\src\traditional\proc\p18f452.asm
                     IPR2   0x000fa2       data     extern E:\3.46\pic18-lt\cxx-framework\src\traditional\proc\p18f452.asm
                 IPR2bits   0x000fa2       data     extern E:\3.46\pic18-lt\cxx-framework\src\traditional\proc\p18f452.asm
                     LATA   0x000f89       data     extern E:\3.46\pic18-lt\cxx-framework\src\traditional\proc\p18f452.asm
                 LATAbits   0x000f89       data     extern E:\3.46\pic18-lt\cxx-framework\src\traditional\proc\p18f452.asm
                     LATB   0x000f8a       data     extern E:\3.46\pic18-lt\cxx-framework\src\traditional\proc\p18f452.asm
                 LATBbits   0x000f8a       data     extern E:\3.46\pic18-lt\cxx-framework\src\traditional\proc\p18f452.asm
                     LATC   0x000f8b       data     extern E:\3.46\pic18-lt\cxx-framework\src\traditional\proc\p18f452.asm
                 LATCbits   0x000f8b       data     extern E:\3.46\pic18-lt\cxx-framework\src\traditional\proc\p18f452.asm
                     LATD   0x000f8c       data     extern E:\3.46\pic18-lt\cxx-framework\src\traditional\proc\p18f452.asm
                 LATDbits   0x000f8c       data     extern E:\3.46\pic18-lt\cxx-framework\src\traditional\proc\p18f452.asm
                     LATE   0x000f8d       data     extern E:\3.46\pic18-lt\cxx-framework\src\traditional\proc\p18f452.asm
                 LATEbits   0x000f8d       data     extern E:\3.46\pic18-lt\cxx-framework\src\traditional\proc\p18f452.asm
                   LVDCON   0x000fd2       data     extern E:\3.46\pic18-lt\cxx-framework\src\traditional\proc\p18f452.asm
               LVDCONbits   0x000fd2       data     extern E:\3.46\pic18-lt\cxx-framework\src\traditional\proc\p18f452.asm
                   OSCCON   0x000fd3       data     extern E:\3.46\pic18-lt\cxx-framework\src\traditional\proc\p18f452.asm
               OSCCONbits   0x000fd3       data     extern E:\3.46\pic18-lt\cxx-framework\src\traditional\proc\p18f452.asm
               OSCPUUsage   0x0000b4       data     extern C:\Users\Chan\Desktop\rec\1 NTFS\ECNG3006\L02_815009698_old.X\uCOS_II.H
               OSCtxSwCtr   0x0000b0       data     extern C:\Users\Chan\Desktop\rec\1 NTFS\ECNG3006\L02_815009698_old.X\uCOS_II.H
                OSIdleCtr   0x00012c       data     extern C:\Users\Chan\Desktop\rec\1 NTFS\ECNG3006\L02_815009698_old.X\uCOS_II.H
             OSIdleCtrMax   0x0000b5       data     extern C:\Users\Chan\Desktop\rec\1 NTFS\ECNG3006\L02_815009698_old.X\uCOS_II.H
             OSIdleCtrRun   0x0000b9       data     extern C:\Users\Chan\Desktop\rec\1 NTFS\ECNG3006\L02_815009698_old.X\uCOS_II.H
               OSIntExitY   0x000123       data     extern C:\Users\Chan\Desktop\rec\1 NTFS\ECNG3006\L02_815009698_old.X\uCOS_II.H
             OSIntNesting   0x000122       data     extern C:\Users\Chan\Desktop\rec\1 NTFS\ECNG3006\L02_815009698_old.X\uCOS_II.H
            OSLockNesting   0x000124       data     extern C:\Users\Chan\Desktop\rec\1 NTFS\ECNG3006\L02_815009698_old.X\uCOS_II.H
                OSPrioCur   0x000125       data     extern C:\Users\Chan\Desktop\rec\1 NTFS\ECNG3006\L02_815009698_old.X\uCOS_II.H
            OSPrioHighRdy   0x000126       data     extern C:\Users\Chan\Desktop\rec\1 NTFS\ECNG3006\L02_815009698_old.X\uCOS_II.H
                 OSRdyGrp   0x000127       data     extern C:\Users\Chan\Desktop\rec\1 NTFS\ECNG3006\L02_815009698_old.X\uCOS_II.H
                 OSRdyTbl   0x000128       data     extern C:\Users\Chan\Desktop\rec\1 NTFS\ECNG3006\L02_815009698_old.X\uCOS_II.H
                OSRunning   0x00012a       data     extern C:\Users\Chan\Desktop\rec\1 NTFS\ECNG3006\L02_815009698_old.X\uCOS_II.H
                OSStatRdy   0x0000bd       data     extern C:\Users\Chan\Desktop\rec\1 NTFS\ECNG3006\L02_815009698_old.X\uCOS_II.H
                 OSTCBCur   0x000194       data     extern C:\Users\Chan\Desktop\rec\1 NTFS\ECNG3006\L02_815009698_old.X\uCOS_II.H
            OSTCBFreeList   0x000196       data     extern C:\Users\Chan\Desktop\rec\1 NTFS\ECNG3006\L02_815009698_old.X\uCOS_II.H
             OSTCBHighRdy   0x000198       data     extern C:\Users\Chan\Desktop\rec\1 NTFS\ECNG3006\L02_815009698_old.X\uCOS_II.H
                OSTCBList   0x00019a       data     extern C:\Users\Chan\Desktop\rec\1 NTFS\ECNG3006\L02_815009698_old.X\uCOS_II.H
             OSTCBPrioTbl   0x00019c       data     extern C:\Users\Chan\Desktop\rec\1 NTFS\ECNG3006\L02_815009698_old.X\uCOS_II.H
                 OSTCBTbl   0x0001bc       data     extern C:\Users\Chan\Desktop\rec\1 NTFS\ECNG3006\L02_815009698_old.X\uCOS_II.H
                OSTaskCtr   0x00012b       data     extern C:\Users\Chan\Desktop\rec\1 NTFS\ECNG3006\L02_815009698_old.X\uCOS_II.H
            OSTaskIdleStk   0x000130       data     extern C:\Users\Chan\Desktop\rec\1 NTFS\ECNG3006\L02_815009698_old.X\uCOS_II.H
            OSTaskStatStk   0x0000be       data     extern C:\Users\Chan\Desktop\rec\1 NTFS\ECNG3006\L02_815009698_old.X\uCOS_II.H
                   OSTime   0x000300       data     extern C:\Users\Chan\Desktop\rec\1 NTFS\ECNG3006\L02_815009698_old.X\uCOS_II.H
                       PC   0x000ff9       data     extern E:\3.46\pic18-lt\cxx-framework\src\traditional\proc\p18f452.asm
                      PCL   0x000ff9       data     extern E:\3.46\pic18-lt\cxx-framework\src\traditional\proc\p18f452.asm
                   PCLATH   0x000ffa       data     extern E:\3.46\pic18-lt\cxx-framework\src\traditional\proc\p18f452.asm
                   PCLATU   0x000ffb       data     extern E:\3.46\pic18-lt\cxx-framework\src\traditional\proc\p18f452.asm
                     PIE1   0x000f9d       data     extern E:\3.46\pic18-lt\cxx-framework\src\traditional\proc\p18f452.asm
                 PIE1bits   0x000f9d       data     extern E:\3.46\pic18-lt\cxx-framework\src\traditional\proc\p18f452.asm
                     PIE2   0x000fa0       data     extern E:\3.46\pic18-lt\cxx-framework\src\traditional\proc\p18f452.asm
                 PIE2bits   0x000fa0       data     extern E:\3.46\pic18-lt\cxx-framework\src\traditional\proc\p18f452.asm
                     PIR1   0x000f9e       data     extern E:\3.46\pic18-lt\cxx-framework\src\traditional\proc\p18f452.asm
                 PIR1bits   0x000f9e       data     extern E:\3.46\pic18-lt\cxx-framework\src\traditional\proc\p18f452.asm
                     PIR2   0x000fa1       data     extern E:\3.46\pic18-lt\cxx-framework\src\traditional\proc\p18f452.asm
                 PIR2bits   0x000fa1       data     extern E:\3.46\pic18-lt\cxx-framework\src\traditional\proc\p18f452.asm
                   PLUSW0   0x000feb       data     extern E:\3.46\pic18-lt\cxx-framework\src\traditional\proc\p18f452.asm
                   PLUSW1   0x000fe3       data     extern E:\3.46\pic18-lt\cxx-framework\src\traditional\proc\p18f452.asm
                   PLUSW2   0x000fdb       data     extern E:\3.46\pic18-lt\cxx-framework\src\traditional\proc\p18f452.asm
                    PORTA   0x000f80       data     extern E:\3.46\pic18-lt\cxx-framework\src\traditional\proc\p18f452.asm
                PORTAbits   0x000f80       data     extern E:\3.46\pic18-lt\cxx-framework\src\traditional\proc\p18f452.asm
                    PORTB   0x000f81       data     extern E:\3.46\pic18-lt\cxx-framework\src\traditional\proc\p18f452.asm
                PORTBbits   0x000f81       data     extern E:\3.46\pic18-lt\cxx-framework\src\traditional\proc\p18f452.asm
                    PORTC   0x000f82       data     extern E:\3.46\pic18-lt\cxx-framework\src\traditional\proc\p18f452.asm
                PORTCbits   0x000f82       data     extern E:\3.46\pic18-lt\cxx-framework\src\traditional\proc\p18f452.asm
                    PORTD   0x000f83       data     extern E:\3.46\pic18-lt\cxx-framework\src\traditional\proc\p18f452.asm
                PORTDbits   0x000f83       data     extern E:\3.46\pic18-lt\cxx-framework\src\traditional\proc\p18f452.asm
                    PORTE   0x000f84       data     extern E:\3.46\pic18-lt\cxx-framework\src\traditional\proc\p18f452.asm
                PORTEbits   0x000f84       data     extern E:\3.46\pic18-lt\cxx-framework\src\traditional\proc\p18f452.asm
                 POSTDEC0   0x000fed       data     extern E:\3.46\pic18-lt\cxx-framework\src\traditional\proc\p18f452.asm
                 POSTDEC1   0x000fe5       data     extern E:\3.46\pic18-lt\cxx-framework\src\traditional\proc\p18f452.asm
                 POSTDEC2   0x000fdd       data     extern E:\3.46\pic18-lt\cxx-framework\src\traditional\proc\p18f452.asm
                 POSTINC0   0x000fee       data     extern E:\3.46\pic18-lt\cxx-framework\src\traditional\proc\p18f452.asm
                 POSTINC1   0x000fe6       data     extern E:\3.46\pic18-lt\cxx-framework\src\traditional\proc\p18f452.asm
                 POSTINC2   0x000fde       data     extern E:\3.46\pic18-lt\cxx-framework\src\traditional\proc\p18f452.asm
                      PR2   0x000fcb       data     extern E:\3.46\pic18-lt\cxx-framework\src\traditional\proc\p18f452.asm
                  PREINC0   0x000fec       data     extern E:\3.46\pic18-lt\cxx-framework\src\traditional\proc\p18f452.asm
                  PREINC1   0x000fe4       data     extern E:\3.46\pic18-lt\cxx-framework\src\traditional\proc\p18f452.asm
                  PREINC2   0x000fdc       data     extern E:\3.46\pic18-lt\cxx-framework\src\traditional\proc\p18f452.asm
                     PROD   0x000ff3       data     extern E:\3.46\pic18-lt\cxx-framework\src\traditional\proc\p18f452.asm
                    PRODH   0x000ff4       data     extern E:\3.46\pic18-lt\cxx-framework\src\traditional\proc\p18f452.asm
                    PRODL   0x000ff3       data     extern E:\3.46\pic18-lt\cxx-framework\src\traditional\proc\p18f452.asm
                     RCON   0x000fd0       data     extern E:\3.46\pic18-lt\cxx-framework\src\traditional\proc\p18f452.asm
                 RCONbits   0x000fd0       data     extern E:\3.46\pic18-lt\cxx-framework\src\traditional\proc\p18f452.asm
                    RCREG   0x000fae       data     extern E:\3.46\pic18-lt\cxx-framework\src\traditional\proc\p18f452.asm
                    RCSTA   0x000fab       data     extern E:\3.46\pic18-lt\cxx-framework\src\traditional\proc\p18f452.asm
                RCSTAbits   0x000fab       data     extern E:\3.46\pic18-lt\cxx-framework\src\traditional\proc\p18f452.asm
                     SIGN   0x000022       data     extern E:\3.46\pic18-lt\cxx-framework\src\traditional\math\cmath18.asm
                    SPBRG   0x000faf       data     extern E:\3.46\pic18-lt\cxx-framework\src\traditional\proc\p18f452.asm
                   SSPADD   0x000fc8       data     extern E:\3.46\pic18-lt\cxx-framework\src\traditional\proc\p18f452.asm
                   SSPBUF   0x000fc9       data     extern E:\3.46\pic18-lt\cxx-framework\src\traditional\proc\p18f452.asm
                  SSPCON1   0x000fc6       data     extern E:\3.46\pic18-lt\cxx-framework\src\traditional\proc\p18f452.asm
              SSPCON1bits   0x000fc6       data     extern E:\3.46\pic18-lt\cxx-framework\src\traditional\proc\p18f452.asm
                  SSPCON2   0x000fc5       data     extern E:\3.46\pic18-lt\cxx-framework\src\traditional\proc\p18f452.asm
              SSPCON2bits   0x000fc5       data     extern E:\3.46\pic18-lt\cxx-framework\src\traditional\proc\p18f452.asm
                  SSPSTAT   0x000fc7       data     extern E:\3.46\pic18-lt\cxx-framework\src\traditional\proc\p18f452.asm
              SSPSTATbits   0x000fc7       data     extern E:\3.46\pic18-lt\cxx-framework\src\traditional\proc\p18f452.asm
                   STATUS   0x000fd8       data     extern E:\3.46\pic18-lt\cxx-framework\src\traditional\proc\p18f452.asm
               STATUSbits   0x000fd8       data     extern E:\3.46\pic18-lt\cxx-framework\src\traditional\proc\p18f452.asm
                   STKPTR   0x000ffc       data     extern E:\3.46\pic18-lt\cxx-framework\src\traditional\proc\p18f452.asm
               STKPTRbits   0x000ffc       data     extern E:\3.46\pic18-lt\cxx-framework\src\traditional\proc\p18f452.asm
                    T0CON   0x000fd5       data     extern E:\3.46\pic18-lt\cxx-framework\src\traditional\proc\p18f452.asm
                T0CONbits   0x000fd5       data     extern E:\3.46\pic18-lt\cxx-framework\src\traditional\proc\p18f452.asm
                    T1CON   0x000fcd       data     extern E:\3.46\pic18-lt\cxx-framework\src\traditional\proc\p18f452.asm
                T1CONbits   0x000fcd       data     extern E:\3.46\pic18-lt\cxx-framework\src\traditional\proc\p18f452.asm
                    T2CON   0x000fca       data     extern E:\3.46\pic18-lt\cxx-framework\src\traditional\proc\p18f452.asm
                T2CONbits   0x000fca       data     extern E:\3.46\pic18-lt\cxx-framework\src\traditional\proc\p18f452.asm
                    T3CON   0x000fb1       data     extern E:\3.46\pic18-lt\cxx-framework\src\traditional\proc\p18f452.asm
                T3CONbits   0x000fb1       data     extern E:\3.46\pic18-lt\cxx-framework\src\traditional\proc\p18f452.asm
                   TABLAT   0x000ff5       data     extern E:\3.46\pic18-lt\cxx-framework\src\traditional\proc\p18f452.asm
                   TBLPTR   0x000ff6       data     extern E:\3.46\pic18-lt\cxx-framework\src\traditional\proc\p18f452.asm
                  TBLPTRH   0x000ff7       data     extern E:\3.46\pic18-lt\cxx-framework\src\traditional\proc\p18f452.asm
                  TBLPTRL   0x000ff6       data     extern E:\3.46\pic18-lt\cxx-framework\src\traditional\proc\p18f452.asm
                  TBLPTRU   0x000ff8       data     extern E:\3.46\pic18-lt\cxx-framework\src\traditional\proc\p18f452.asm
                    TMR0H   0x000fd7       data     extern E:\3.46\pic18-lt\cxx-framework\src\traditional\proc\p18f452.asm
                    TMR0L   0x000fd6       data     extern E:\3.46\pic18-lt\cxx-framework\src\traditional\proc\p18f452.asm
                    TMR1H   0x000fcf       data     extern E:\3.46\pic18-lt\cxx-framework\src\traditional\proc\p18f452.asm
                    TMR1L   0x000fce       data     extern E:\3.46\pic18-lt\cxx-framework\src\traditional\proc\p18f452.asm
                     TMR2   0x000fcc       data     extern E:\3.46\pic18-lt\cxx-framework\src\traditional\proc\p18f452.asm
                    TMR3H   0x000fb3       data     extern E:\3.46\pic18-lt\cxx-framework\src\traditional\proc\p18f452.asm
                    TMR3L   0x000fb2       data     extern E:\3.46\pic18-lt\cxx-framework\src\traditional\proc\p18f452.asm
                      TOS   0x000ffd       data     extern E:\3.46\pic18-lt\cxx-framework\src\traditional\proc\p18f452.asm
                     TOSH   0x000ffe       data     extern E:\3.46\pic18-lt\cxx-framework\src\traditional\proc\p18f452.asm
                     TOSL   0x000ffd       data     extern E:\3.46\pic18-lt\cxx-framework\src\traditional\proc\p18f452.asm
                     TOSU   0x000fff       data     extern E:\3.46\pic18-lt\cxx-framework\src\traditional\proc\p18f452.asm
                    TRISA   0x000f92       data     extern E:\3.46\pic18-lt\cxx-framework\src\traditional\proc\p18f452.asm
                TRISAbits   0x000f92       data     extern E:\3.46\pic18-lt\cxx-framework\src\traditional\proc\p18f452.asm
                    TRISB   0x000f93       data     extern E:\3.46\pic18-lt\cxx-framework\src\traditional\proc\p18f452.asm
                TRISBbits   0x000f93       data     extern E:\3.46\pic18-lt\cxx-framework\src\traditional\proc\p18f452.asm
                    TRISC   0x000f94       data     extern E:\3.46\pic18-lt\cxx-framework\src\traditional\proc\p18f452.asm
                TRISCbits   0x000f94       data     extern E:\3.46\pic18-lt\cxx-framework\src\traditional\proc\p18f452.asm
                    TRISD   0x000f95       data     extern E:\3.46\pic18-lt\cxx-framework\src\traditional\proc\p18f452.asm
                TRISDbits   0x000f95       data     extern E:\3.46\pic18-lt\cxx-framework\src\traditional\proc\p18f452.asm
                    TRISE   0x000f96       data     extern E:\3.46\pic18-lt\cxx-framework\src\traditional\proc\p18f452.asm
                TRISEbits   0x000f96       data     extern E:\3.46\pic18-lt\cxx-framework\src\traditional\proc\p18f452.asm
                    TXREG   0x000fad       data     extern E:\3.46\pic18-lt\cxx-framework\src\traditional\proc\p18f452.asm
                    TXSTA   0x000fac       data     extern E:\3.46\pic18-lt\cxx-framework\src\traditional\proc\p18f452.asm
                TXSTAbits   0x000fac       data     extern E:\3.46\pic18-lt\cxx-framework\src\traditional\proc\p18f452.asm
                 TaskAStk   0x000304       data     extern C:\Users\Chan\Desktop\rec\1 NTFS\ECNG3006\L02_815009698_old.X\code_lab2_1.C
                 TaskBStk   0x0003cc       data     extern C:\Users\Chan\Desktop\rec\1 NTFS\ECNG3006\L02_815009698_old.X\code_lab2_1.C
                        W   0x000fe8       data     extern E:\3.46\pic18-lt\cxx-framework\src\traditional\proc\p18f452.asm
                   WDTCON   0x000fd1       data     extern E:\3.46\pic18-lt\cxx-framework\src\traditional\proc\p18f452.asm
               WDTCONbits   0x000fd1       data     extern E:\3.46\pic18-lt\cxx-framework\src\traditional\proc\p18f452.asm
                     WREG   0x000fe8       data     extern E:\3.46\pic18-lt\cxx-framework\src\traditional\proc\p18f452.asm
                 __AARGB0   0x00001b       data     extern E:\3.46\pic18-lt\cxx-framework\src\traditional\math\aarg.asm
                 __AARGB1   0x00001a       data     extern E:\3.46\pic18-lt\cxx-framework\src\traditional\math\aarg.asm
                 __AARGB2   0x000019       data     extern E:\3.46\pic18-lt\cxx-framework\src\traditional\math\aarg.asm
                 __AARGB3   0x000018       data     extern E:\3.46\pic18-lt\cxx-framework\src\traditional\math\aarg.asm
                 __AARGB4   0x000017       data     extern E:\3.46\pic18-lt\cxx-framework\src\traditional\math\aarg.asm
                 __AARGB5   0x000016       data     extern E:\3.46\pic18-lt\cxx-framework\src\traditional\math\aarg.asm
                 __AARGB6   0x000015       data     extern E:\3.46\pic18-lt\cxx-framework\src\traditional\math\aarg.asm
                 __AARGB7   0x000014       data     extern E:\3.46\pic18-lt\cxx-framework\src\traditional\math\aarg.asm
                   __AEXP   0x00001c       data     extern E:\3.46\pic18-lt\cxx-framework\src\traditional\math\aarg.asm
                 __BARGB0   0x000020       data     extern E:\3.46\pic18-lt\cxx-framework\src\traditional\math\barg.asm
                 __BARGB1   0x00001f       data     extern E:\3.46\pic18-lt\cxx-framework\src\traditional\math\barg.asm
                 __BARGB2   0x00001e       data     extern E:\3.46\pic18-lt\cxx-framework\src\traditional\math\barg.asm
                 __BARGB3   0x00001d       data     extern E:\3.46\pic18-lt\cxx-framework\src\traditional\math\barg.asm
                   __BEXP   0x000021       data     extern E:\3.46\pic18-lt\cxx-framework\src\traditional\math\barg.asm
                __FPFLAGS   0x000023       data     extern E:\3.46\pic18-lt\cxx-framework\src\traditional\math\cmath18.asm
            __FPFLAGSbits   0x000023       data     extern E:\3.46\pic18-lt\cxx-framework\src\traditional\math\cmath18.asm
                  __REMB0   0x000017       data     extern E:\3.46\pic18-lt\cxx-framework\src\traditional\math\aarg.asm
                  __REMB1   0x000016       data     extern E:\3.46\pic18-lt\cxx-framework\src\traditional\math\aarg.asm
                  __REMB2   0x000015       data     extern E:\3.46\pic18-lt\cxx-framework\src\traditional\math\aarg.asm
                  __REMB3   0x000014       data     extern E:\3.46\pic18-lt\cxx-framework\src\traditional\math\aarg.asm
                  __tmp_0   0x000000       data     static C:\Users\Chan\Desktop\rec\1 NTFS\ECNG3006\L02_815009698_old.X\code_lab2_1.C
                  __tmp_0   0x000000       data     static C:\Users\Chan\Desktop\rec\1 NTFS\ECNG3006\L02_815009698_old.X\os_time.c
                  __tmp_0   0x000000       data     static C:\Users\Chan\Desktop\rec\1 NTFS\ECNG3006\L02_815009698_old.X\OS_CPU_C.C
                curr_byte   0x0004ba       data     static E:\3.46\pic18-lt\cxx-framework\src\traditional\startup\c018i.c
               curr_entry   0x0004bc       data     static E:\3.46\pic18-lt\cxx-framework\src\traditional\startup\c018i.c
                 data_ptr   0x0004be       data     static E:\3.46\pic18-lt\cxx-framework\src\traditional\startup\c018i.c
                     prom   0x0004b7       data     static E:\3.46\pic18-lt\cxx-framework\src\traditional\startup\c018i.c
                  stopped   0x0004b6       data     extern C:\Users\Chan\Desktop\rec\1 NTFS\ECNG3006\L02_815009698_old.X\code_lab2_1.C
            taskA_welcome   0x000494       data     static C:\Users\Chan\Desktop\rec\1 NTFS\ECNG3006\L02_815009698_old.X\code_lab2_1.C
            taskB_welcome   0x0004a5       data     static C:\Users\Chan\Desktop\rec\1 NTFS\ECNG3006\L02_815009698_old.X\code_lab2_1.C



                              Symbols - Sorted by Address
                     Name    Address   Location    Storage File                     
                ---------  ---------  ---------  --------- ---------                
                   _entry   0x000000    program     extern E:\3.46\pic18-lt\cxx-framework\src\traditional\startup\c018i.c
       ___return_lbl00000   0x000004    program     static                          
            CPUhighVector   0x000008    program     extern C:\Users\Chan\Desktop\rec\1 NTFS\ECNG3006\L02_815009698_old.X\OS_CPU_C.C
       ___return_lbl00024   0x000012    program     static                          
             CPUlowVector   0x000018    program     extern C:\Users\Chan\Desktop\rec\1 NTFS\ECNG3006\L02_815009698_old.X\OS_CPU_C.C
       ___return_lbl00025   0x00001c    program     static                          
                   OSInit   0x000038    program     extern C:\Users\Chan\Desktop\rec\1 NTFS\ECNG3006\L02_815009698_old.X\os_core.c
               OSIntEnter   0x00004e    program     extern C:\Users\Chan\Desktop\rec\1 NTFS\ECNG3006\L02_815009698_old.X\os_core.c
                OSIntExit   0x000072    program     extern C:\Users\Chan\Desktop\rec\1 NTFS\ECNG3006\L02_815009698_old.X\os_core.c
              OSSchedLock   0x00017e    program     extern C:\Users\Chan\Desktop\rec\1 NTFS\ECNG3006\L02_815009698_old.X\os_core.c
            OSSchedUnlock   0x0001d2    program     extern C:\Users\Chan\Desktop\rec\1 NTFS\ECNG3006\L02_815009698_old.X\os_core.c
                  OSStart   0x000230    program     extern C:\Users\Chan\Desktop\rec\1 NTFS\ECNG3006\L02_815009698_old.X\os_core.c
               OSStatInit   0x000312    program     extern C:\Users\Chan\Desktop\rec\1 NTFS\ECNG3006\L02_815009698_old.X\os_core.c
               OSTimeTick   0x000392    program     extern C:\Users\Chan\Desktop\rec\1 NTFS\ECNG3006\L02_815009698_old.X\os_core.c
                OSVersion   0x000524    program     extern C:\Users\Chan\Desktop\rec\1 NTFS\ECNG3006\L02_815009698_old.X\os_core.c
                 OS_Dummy   0x00052e    program     extern C:\Users\Chan\Desktop\rec\1 NTFS\ECNG3006\L02_815009698_old.X\os_core.c
         OS_InitEventList   0x000530    program     static C:\Users\Chan\Desktop\rec\1 NTFS\ECNG3006\L02_815009698_old.X\os_core.c
              OS_InitMisc   0x000532    program     static C:\Users\Chan\Desktop\rec\1 NTFS\ECNG3006\L02_815009698_old.X\os_core.c
           OS_InitRdyList   0x00057a    program     static C:\Users\Chan\Desktop\rec\1 NTFS\ECNG3006\L02_815009698_old.X\os_core.c
          OS_InitTaskIdle   0x000620    program     static C:\Users\Chan\Desktop\rec\1 NTFS\ECNG3006\L02_815009698_old.X\os_core.c
          OS_InitTaskStat   0x000676    program     static C:\Users\Chan\Desktop\rec\1 NTFS\ECNG3006\L02_815009698_old.X\os_core.c
           OS_InitTCBList   0x0006ce    program     static C:\Users\Chan\Desktop\rec\1 NTFS\ECNG3006\L02_815009698_old.X\os_core.c
                 OS_Sched   0x000802    program     extern C:\Users\Chan\Desktop\rec\1 NTFS\ECNG3006\L02_815009698_old.X\os_core.c
              OS_TaskIdle   0x000902    program     extern C:\Users\Chan\Desktop\rec\1 NTFS\ECNG3006\L02_815009698_old.X\os_core.c
              OS_TaskStat   0x00095e    program     extern C:\Users\Chan\Desktop\rec\1 NTFS\ECNG3006\L02_815009698_old.X\os_core.c
               OS_TCBInit   0x000b2c    program     extern C:\Users\Chan\Desktop\rec\1 NTFS\ECNG3006\L02_815009698_old.X\os_core.c
         OSTaskChangePrio   0x000ee8    program     extern C:\Users\Chan\Desktop\rec\1 NTFS\ECNG3006\L02_815009698_old.X\os_task.c
             OSTaskCreate   0x001252    program     extern C:\Users\Chan\Desktop\rec\1 NTFS\ECNG3006\L02_815009698_old.X\os_task.c
          OSTaskCreateExt   0x0013f8    program     extern C:\Users\Chan\Desktop\rec\1 NTFS\ECNG3006\L02_815009698_old.X\os_task.c
                OSTaskDel   0x00160e    program     extern C:\Users\Chan\Desktop\rec\1 NTFS\ECNG3006\L02_815009698_old.X\os_task.c
             OSTaskDelReq   0x00191e    program     extern C:\Users\Chan\Desktop\rec\1 NTFS\ECNG3006\L02_815009698_old.X\os_task.c
             OSTaskResume   0x001a4e    program     extern C:\Users\Chan\Desktop\rec\1 NTFS\ECNG3006\L02_815009698_old.X\os_task.c
             OSTaskStkChk   0x001ba6    program     extern C:\Users\Chan\Desktop\rec\1 NTFS\ECNG3006\L02_815009698_old.X\os_task.c
            OSTaskSuspend   0x001de6    program     extern C:\Users\Chan\Desktop\rec\1 NTFS\ECNG3006\L02_815009698_old.X\os_task.c
                OSTimeDly   0x001f7e    program     extern C:\Users\Chan\Desktop\rec\1 NTFS\ECNG3006\L02_815009698_old.X\os_time.c
            OSTimeDlyHMSM   0x002028    program     extern C:\Users\Chan\Desktop\rec\1 NTFS\ECNG3006\L02_815009698_old.X\os_time.c
          OSTimeDlyResume   0x002304    program     extern C:\Users\Chan\Desktop\rec\1 NTFS\ECNG3006\L02_815009698_old.X\os_time.c
                OSTimeGet   0x002458    program     extern C:\Users\Chan\Desktop\rec\1 NTFS\ECNG3006\L02_815009698_old.X\os_time.c
                OSTimeSet   0x0024de    program     extern C:\Users\Chan\Desktop\rec\1 NTFS\ECNG3006\L02_815009698_old.X\os_time.c
            OSTaskStkInit   0x002528    program     extern C:\Users\Chan\Desktop\rec\1 NTFS\ECNG3006\L02_815009698_old.X\OS_CPU_C.C
         OSTaskCreateHook   0x00273c    program     extern C:\Users\Chan\Desktop\rec\1 NTFS\ECNG3006\L02_815009698_old.X\OS_CPU_C.C
            OSTaskDelHook   0x002758    program     extern C:\Users\Chan\Desktop\rec\1 NTFS\ECNG3006\L02_815009698_old.X\OS_CPU_C.C
             OSTaskSwHook   0x002774    program     extern C:\Users\Chan\Desktop\rec\1 NTFS\ECNG3006\L02_815009698_old.X\OS_CPU_C.C
       ___return_lbl00003   0x002776    program     static                          
           OSTaskStatHook   0x002778    program     extern C:\Users\Chan\Desktop\rec\1 NTFS\ECNG3006\L02_815009698_old.X\OS_CPU_C.C
           OSTimeTickHook   0x00277a    program     extern C:\Users\Chan\Desktop\rec\1 NTFS\ECNG3006\L02_815009698_old.X\OS_CPU_C.C
            OSTCBInitHook   0x00277c    program     extern C:\Users\Chan\Desktop\rec\1 NTFS\ECNG3006\L02_815009698_old.X\OS_CPU_C.C
           OSTaskIdleHook   0x002798    program     extern C:\Users\Chan\Desktop\rec\1 NTFS\ECNG3006\L02_815009698_old.X\OS_CPU_C.C
          OSInitHookBegin   0x00279a    program     extern C:\Users\Chan\Desktop\rec\1 NTFS\ECNG3006\L02_815009698_old.X\OS_CPU_C.C
            OSInitHookEnd   0x00279c    program     extern C:\Users\Chan\Desktop\rec\1 NTFS\ECNG3006\L02_815009698_old.X\OS_CPU_C.C
           OSStartHighRdy   0x00279e    program     extern C:\Users\Chan\Desktop\rec\1 NTFS\ECNG3006\L02_815009698_old.X\OS_CPU_C.C
        ___while_lbl00011   0x0027b6    program     static                          
        ___while_lbl00012   0x0027c0    program     static                          
           ___if_lbl00013   0x0027c6    program     static                          
           ___do_lbl00016   0x0027cc    program     static                          
           ___do_lbl00014   0x0027da    program     static                          
           ___do_lbl00015   0x0027de    program     static                          
       ___return_lbl00010   0x002820    program     static                          
                  OSCtxSw   0x002822    program     extern C:\Users\Chan\Desktop\rec\1 NTFS\ECNG3006\L02_815009698_old.X\OS_CPU_C.C
        ___while_lbl00018   0x00286c    program     static                          
        ___while_lbl00019   0x002884    program     static                          
           ___if_lbl00020   0x00288e    program     static                          
           ___do_lbl00023   0x0028c2    program     static                          
           ___do_lbl00021   0x0028d0    program     static                          
           ___do_lbl00022   0x0028d4    program     static                          
       ___return_lbl00017   0x002916    program     static                          
          CPUlowInterrupt   0x002918    program     extern C:\Users\Chan\Desktop\rec\1 NTFS\ECNG3006\L02_815009698_old.X\OS_CPU_C.C
       ___return_lbl00026   0x0029a8    program     static                          
               OSIntCtxSw   0x0029aa    program     extern C:\Users\Chan\Desktop\rec\1 NTFS\ECNG3006\L02_815009698_old.X\OS_CPU_C.C
        ___while_lbl00028   0x0029b6    program     static                          
        ___while_lbl00029   0x0029ce    program     static                          
           ___if_lbl00030   0x0029d8    program     static                          
        ___while_lbl00031   0x002a06    program     static                          
        ___while_lbl00032   0x002a10    program     static                          
           ___if_lbl00033   0x002a16    program     static                          
           ___do_lbl00036   0x002a1c    program     static                          
           ___do_lbl00034   0x002a2a    program     static                          
           ___do_lbl00035   0x002a2e    program     static                          
       ___return_lbl00027   0x002a70    program     static                          
            DelayFor18TCY   0x002a72    program     extern C:\Users\Chan\Desktop\rec\1 NTFS\ECNG3006\L02_815009698_old.X\code_lab2_1.C
       ___return_lbl00000   0x002a8c    program     static                          
             DelayPORXLCD   0x002a8e    program     extern C:\Users\Chan\Desktop\rec\1 NTFS\ECNG3006\L02_815009698_old.X\code_lab2_1.C
                DelayXLCD   0x002a9a    program     extern C:\Users\Chan\Desktop\rec\1 NTFS\ECNG3006\L02_815009698_old.X\code_lab2_1.C
                    TaskA   0x002aa6    program     extern C:\Users\Chan\Desktop\rec\1 NTFS\ECNG3006\L02_815009698_old.X\code_lab2_1.C
                    TaskB   0x002b1a    program     extern C:\Users\Chan\Desktop\rec\1 NTFS\ECNG3006\L02_815009698_old.X\code_lab2_1.C
                     main   0x002b7c    program     extern C:\Users\Chan\Desktop\rec\1 NTFS\ECNG3006\L02_815009698_old.X\code_lab2_1.C
                 OSMapTbl   0x002c4a    program     extern C:\Users\Chan\Desktop\rec\1 NTFS\ECNG3006\L02_815009698_old.X\os_core.c
               OSUnMapTbl   0x002c52    program     extern C:\Users\Chan\Desktop\rec\1 NTFS\ECNG3006\L02_815009698_old.X\os_core.c
                 OpenXLCD   0x002d52    program     extern C:\Users\Chan\Desktop\rec\1 NTFS\ECNG3006\L02_815009698_old.X\openxlcd.c
                _do_cinit   0x002e3e    program     extern E:\3.46\pic18-lt\cxx-framework\src\traditional\startup\c018i.c
                     test   0x002e58    program     static                          
                copy_loop   0x002eb0    program     static                          
            copy_one_byte   0x002eb6    program     static                          
             done_copying   0x002ec4    program     static                          
                     done   0x002eda    program     static                          
       ___return_lbl00002   0x002eda    program     static                          
                putrsXLCD   0x002edc    program     extern C:\Users\Chan\Desktop\rec\1 NTFS\ECNG3006\L02_815009698_old.X\putrxlcd.c
                  FXM3232   0x002f52    program     extern E:\3.46\pic18-lt\cxx-framework\src\traditional\math\fxm3232.c
       ___return_lbl00000   0x002fc0    program     static                          
             SetDDRamAddr   0x002fc2    program     extern C:\Users\Chan\Desktop\rec\1 NTFS\ECNG3006\L02_815009698_old.X\setddram.c
             SetCGRamAddr   0x003020    program     extern C:\Users\Chan\Desktop\rec\1 NTFS\ECNG3006\L02_815009698_old.X\setcgram.c
            WriteDataXLCD   0x00307e    program     extern C:\Users\Chan\Desktop\rec\1 NTFS\ECNG3006\L02_815009698_old.X\writdata.c
             WriteCmdXLCD   0x0030da    program     extern C:\Users\Chan\Desktop\rec\1 NTFS\ECNG3006\L02_815009698_old.X\wcmdxlcd.c
                 putsXLCD   0x003136    program     extern C:\Users\Chan\Desktop\rec\1 NTFS\ECNG3006\L02_815009698_old.X\putsxlcd.c
             ReadDataXLCD   0x003190    program     extern C:\Users\Chan\Desktop\rec\1 NTFS\ECNG3006\L02_815009698_old.X\readdata.c
             ReadAddrXLCD   0x0031e2    program     extern C:\Users\Chan\Desktop\rec\1 NTFS\ECNG3006\L02_815009698_old.X\readaddr.c
                 FXD3232U   0x003234    program     extern E:\3.46\pic18-lt\cxx-framework\src\traditional\math\fxd3232u.c
                     loop   0x003242    program     static                          
                   _false   0x003276    program     static                          
       ___return_lbl00000   0x00327a    program     static                          
                 BusyXLCD   0x00327c    program     extern C:\Users\Chan\Desktop\rec\1 NTFS\ECNG3006\L02_815009698_old.X\busyxlcd.c
              WriteTimer0   0x0032ba    program     extern E:\3.46\pic18-lt\cxx-framework\src\pmc_common\Timers\t0write.c
               OpenTimer0   0x0032f2    program     extern E:\3.46\pic18-lt\cxx-framework\src\pmc_common\Timers\t0open.c
                   memset   0x00332a    program     extern E:\3.46\pic18-lt\cxx-framework\src\traditional\stdclib\memset.asm
                    jLoop   0x00333e    program     static E:\3.46\pic18-lt\cxx-framework\src\traditional\stdclib\memset.asm
              _2jContinue   0x00334a    program     static E:\3.46\pic18-lt\cxx-framework\src\traditional\stdclib\memset.asm
                   _3jEnd   0x003354    program     static E:\3.46\pic18-lt\cxx-framework\src\traditional\stdclib\memset.asm
                     jEnd   0x00335c    program     static E:\3.46\pic18-lt\cxx-framework\src\traditional\stdclib\memset.asm
             Delay10KTCYx   0x00335e    program     extern E:\3.46\pic18-lt\cxx-framework\src\traditional\delays\d10ktcyx.asm
                    D10Kx   0x003368    program     static E:\3.46\pic18-lt\cxx-framework\src\traditional\delays\d10ktcyx.asm
                   D10K_1   0x00336a    program     static E:\3.46\pic18-lt\cxx-framework\src\traditional\delays\d10ktcyx.asm
       _D10KTCYXCODE_0010   0x00336e    program     static E:\3.46\pic18-lt\cxx-framework\src\traditional\delays\d10ktcyx.asm
                    D10Kl   0x003376    program     static E:\3.46\pic18-lt\cxx-framework\src\traditional\delays\d10ktcyx.asm
       _D10KTCYXCODE_001C   0x00337a    program     static E:\3.46\pic18-lt\cxx-framework\src\traditional\delays\d10ktcyx.asm
              Delay1KTCYx   0x00338c    program     extern E:\3.46\pic18-lt\cxx-framework\src\traditional\delays\d1ktcyx.asm
                     D1Kx   0x003396    program     static E:\3.46\pic18-lt\cxx-framework\src\traditional\delays\d1ktcyx.asm
                    D1K_1   0x003398    program     static E:\3.46\pic18-lt\cxx-framework\src\traditional\delays\d1ktcyx.asm
        _D1KTCYXCODE_0010   0x00339c    program     static E:\3.46\pic18-lt\cxx-framework\src\traditional\delays\d1ktcyx.asm
        _D1KTCYXCODE_0016   0x0033a2    program     static E:\3.46\pic18-lt\cxx-framework\src\traditional\delays\d1ktcyx.asm
            __zero_memory   0x0033ac    program     extern E:\3.46\pic18-lt\cxx-framework\src\traditional\proc\p18f452.asm
                   loop_h   0x0033ba    program     static E:\3.46\pic18-lt\cxx-framework\src\traditional\proc\p18f452.asm
               zero_block   0x0033ba    program     static E:\3.46\pic18-lt\cxx-framework\src\traditional\proc\p18f452.asm
                compare_l   0x0033c2    program     static E:\3.46\pic18-lt\cxx-framework\src\traditional\proc\p18f452.asm
                   loop_l   0x0033c4    program     static E:\3.46\pic18-lt\cxx-framework\src\traditional\proc\p18f452.asm
                 _startup   0x0033cc    program     extern E:\3.46\pic18-lt\cxx-framework\src\traditional\startup\c018i.c
                     loop   0x0033dc    program     static                          
       ___return_lbl00001   0x0033e6    program     static                          
      CPUlowInterruptHook   0x0033e8    program     extern C:\Users\Chan\Desktop\rec\1 NTFS\ECNG3006\L02_815009698_old.X\VECTORS.C
     CPUhighInterruptHook   0x0033fc    program     extern C:\Users\Chan\Desktop\rec\1 NTFS\ECNG3006\L02_815009698_old.X\VECTORS.C
              Delay10TCYx   0x003402    program     extern E:\3.46\pic18-lt\cxx-framework\src\traditional\delays\d10tcyx.asm
                     D10x   0x00340a    program     static E:\3.46\pic18-lt\cxx-framework\src\traditional\delays\d10tcyx.asm
        _D10TCYXCODE_000A   0x00340c    program     static E:\3.46\pic18-lt\cxx-framework\src\traditional\delays\d10tcyx.asm
        _D10TCYXCODE_000C   0x00340e    program     static E:\3.46\pic18-lt\cxx-framework\src\traditional\delays\d10tcyx.asm
        _D10TCYXCODE_000E   0x003410    program     static E:\3.46\pic18-lt\cxx-framework\src\traditional\delays\d10tcyx.asm
                    D10_1   0x003412    program     static E:\3.46\pic18-lt\cxx-framework\src\traditional\delays\d10tcyx.asm
                   __init   0x003418    program     extern E:\3.46\pic18-lt\cxx-framework\src\traditional\stdclib\__init.c
               __config_0   0x300001    program     static C:\Users\Chan\Desktop\rec\1 NTFS\ECNG3006\L02_815009698_old.X\code_lab2_1.C
               __config_1   0x300003    program     static C:\Users\Chan\Desktop\rec\1 NTFS\ECNG3006\L02_815009698_old.X\code_lab2_1.C
               __config_2   0x300006    program     static C:\Users\Chan\Desktop\rec\1 NTFS\ECNG3006\L02_815009698_old.X\code_lab2_1.C
                  __tmp_0   0x000000       data     static C:\Users\Chan\Desktop\rec\1 NTFS\ECNG3006\L02_815009698_old.X\OS_CPU_C.C
                  __tmp_0   0x000000       data     static C:\Users\Chan\Desktop\rec\1 NTFS\ECNG3006\L02_815009698_old.X\os_time.c
                  __tmp_0   0x000000       data     static C:\Users\Chan\Desktop\rec\1 NTFS\ECNG3006\L02_815009698_old.X\code_lab2_1.C
                 __AARGB7   0x000014       data     extern E:\3.46\pic18-lt\cxx-framework\src\traditional\math\aarg.asm
                  __REMB3   0x000014       data     extern E:\3.46\pic18-lt\cxx-framework\src\traditional\math\aarg.asm
                 __AARGB6   0x000015       data     extern E:\3.46\pic18-lt\cxx-framework\src\traditional\math\aarg.asm
                  __REMB2   0x000015       data     extern E:\3.46\pic18-lt\cxx-framework\src\traditional\math\aarg.asm
                  __REMB1   0x000016       data     extern E:\3.46\pic18-lt\cxx-framework\src\traditional\math\aarg.asm
                 __AARGB5   0x000016       data     extern E:\3.46\pic18-lt\cxx-framework\src\traditional\math\aarg.asm
                  __REMB0   0x000017       data     extern E:\3.46\pic18-lt\cxx-framework\src\traditional\math\aarg.asm
                 __AARGB4   0x000017       data     extern E:\3.46\pic18-lt\cxx-framework\src\traditional\math\aarg.asm
                 __AARGB3   0x000018       data     extern E:\3.46\pic18-lt\cxx-framework\src\traditional\math\aarg.asm
                 __AARGB2   0x000019       data     extern E:\3.46\pic18-lt\cxx-framework\src\traditional\math\aarg.asm
                 __AARGB1   0x00001a       data     extern E:\3.46\pic18-lt\cxx-framework\src\traditional\math\aarg.asm
                 __AARGB0   0x00001b       data     extern E:\3.46\pic18-lt\cxx-framework\src\traditional\math\aarg.asm
                   __AEXP   0x00001c       data     extern E:\3.46\pic18-lt\cxx-framework\src\traditional\math\aarg.asm
                 __BARGB3   0x00001d       data     extern E:\3.46\pic18-lt\cxx-framework\src\traditional\math\barg.asm
                 __BARGB2   0x00001e       data     extern E:\3.46\pic18-lt\cxx-framework\src\traditional\math\barg.asm
                 __BARGB1   0x00001f       data     extern E:\3.46\pic18-lt\cxx-framework\src\traditional\math\barg.asm
                 __BARGB0   0x000020       data     extern E:\3.46\pic18-lt\cxx-framework\src\traditional\math\barg.asm
                   __BEXP   0x000021       data     extern E:\3.46\pic18-lt\cxx-framework\src\traditional\math\barg.asm
                     SIGN   0x000022       data     extern E:\3.46\pic18-lt\cxx-framework\src\traditional\math\cmath18.asm
                __FPFLAGS   0x000023       data     extern E:\3.46\pic18-lt\cxx-framework\src\traditional\math\cmath18.asm
            __FPFLAGSbits   0x000023       data     extern E:\3.46\pic18-lt\cxx-framework\src\traditional\math\cmath18.asm
            DelayCounter2   0x000024       data     extern E:\3.46\pic18-lt\cxx-framework\src\traditional\delays\delayd2.asm
            DelayCounter1   0x000025       data     extern E:\3.46\pic18-lt\cxx-framework\src\traditional\delays\delayd1.asm
               OSCtxSwCtr   0x0000b0       data     extern C:\Users\Chan\Desktop\rec\1 NTFS\ECNG3006\L02_815009698_old.X\uCOS_II.H
               OSCPUUsage   0x0000b4       data     extern C:\Users\Chan\Desktop\rec\1 NTFS\ECNG3006\L02_815009698_old.X\uCOS_II.H
             OSIdleCtrMax   0x0000b5       data     extern C:\Users\Chan\Desktop\rec\1 NTFS\ECNG3006\L02_815009698_old.X\uCOS_II.H
             OSIdleCtrRun   0x0000b9       data     extern C:\Users\Chan\Desktop\rec\1 NTFS\ECNG3006\L02_815009698_old.X\uCOS_II.H
                OSStatRdy   0x0000bd       data     extern C:\Users\Chan\Desktop\rec\1 NTFS\ECNG3006\L02_815009698_old.X\uCOS_II.H
            OSTaskStatStk   0x0000be       data     extern C:\Users\Chan\Desktop\rec\1 NTFS\ECNG3006\L02_815009698_old.X\uCOS_II.H
             OSIntNesting   0x000122       data     extern C:\Users\Chan\Desktop\rec\1 NTFS\ECNG3006\L02_815009698_old.X\uCOS_II.H
               OSIntExitY   0x000123       data     extern C:\Users\Chan\Desktop\rec\1 NTFS\ECNG3006\L02_815009698_old.X\uCOS_II.H
            OSLockNesting   0x000124       data     extern C:\Users\Chan\Desktop\rec\1 NTFS\ECNG3006\L02_815009698_old.X\uCOS_II.H
                OSPrioCur   0x000125       data     extern C:\Users\Chan\Desktop\rec\1 NTFS\ECNG3006\L02_815009698_old.X\uCOS_II.H
            OSPrioHighRdy   0x000126       data     extern C:\Users\Chan\Desktop\rec\1 NTFS\ECNG3006\L02_815009698_old.X\uCOS_II.H
                 OSRdyGrp   0x000127       data     extern C:\Users\Chan\Desktop\rec\1 NTFS\ECNG3006\L02_815009698_old.X\uCOS_II.H
                 OSRdyTbl   0x000128       data     extern C:\Users\Chan\Desktop\rec\1 NTFS\ECNG3006\L02_815009698_old.X\uCOS_II.H
                OSRunning   0x00012a       data     extern C:\Users\Chan\Desktop\rec\1 NTFS\ECNG3006\L02_815009698_old.X\uCOS_II.H
                OSTaskCtr   0x00012b       data     extern C:\Users\Chan\Desktop\rec\1 NTFS\ECNG3006\L02_815009698_old.X\uCOS_II.H
                OSIdleCtr   0x00012c       data     extern C:\Users\Chan\Desktop\rec\1 NTFS\ECNG3006\L02_815009698_old.X\uCOS_II.H
            OSTaskIdleStk   0x000130       data     extern C:\Users\Chan\Desktop\rec\1 NTFS\ECNG3006\L02_815009698_old.X\uCOS_II.H
                 OSTCBCur   0x000194       data     extern C:\Users\Chan\Desktop\rec\1 NTFS\ECNG3006\L02_815009698_old.X\uCOS_II.H
            OSTCBFreeList   0x000196       data     extern C:\Users\Chan\Desktop\rec\1 NTFS\ECNG3006\L02_815009698_old.X\uCOS_II.H
             OSTCBHighRdy   0x000198       data     extern C:\Users\Chan\Desktop\rec\1 NTFS\ECNG3006\L02_815009698_old.X\uCOS_II.H
                OSTCBList   0x00019a       data     extern C:\Users\Chan\Desktop\rec\1 NTFS\ECNG3006\L02_815009698_old.X\uCOS_II.H
             OSTCBPrioTbl   0x00019c       data     extern C:\Users\Chan\Desktop\rec\1 NTFS\ECNG3006\L02_815009698_old.X\uCOS_II.H
                 OSTCBTbl   0x0001bc       data     extern C:\Users\Chan\Desktop\rec\1 NTFS\ECNG3006\L02_815009698_old.X\uCOS_II.H
                   OSTime   0x000300       data     extern C:\Users\Chan\Desktop\rec\1 NTFS\ECNG3006\L02_815009698_old.X\uCOS_II.H
                 TaskAStk   0x000304       data     extern C:\Users\Chan\Desktop\rec\1 NTFS\ECNG3006\L02_815009698_old.X\code_lab2_1.C
[...]
                PORTDbits   0x000f83       data     extern E:\3.46\pic18-lt\cxx-framework\src\traditional\proc\p18f452.asm
                    PORTE   0x000f84       data     extern E:\3.46\pic18-lt\cxx-framework\src\traditional\proc\p18f452.asm
                PORTEbits   0x000f84       data     extern E:\3.46\pic18-lt\cxx-framework\src\traditional\proc\p18f452.asm
                     LATA   0x000f89       data     extern E:\3.46\pic18-lt\cxx-framework\src\traditional\proc\p18f452.asm
                 LATAbits   0x000f89       data     extern E:\3.46\pic18-lt\cxx-framework\src\traditional\proc\p18f452.asm
                     LATB   0x000f8a       data     extern E:\3.46\pic18-lt\cxx-framework\src\traditional\proc\p18f452.asm
                 LATBbits   0x000f8a       data     extern E:\3.46\pic18-lt\cxx-framework\src\traditional\proc\p18f452.asm
                     LATC   0x000f8b       data     extern E:\3.46\pic18-lt\cxx-framework\src\traditional\proc\p18f452.asm
                 LATCbits   0x000f8b       data     extern E:\3.46\pic18-lt\cxx-framework\src\traditional\proc\p18f452.asm
                 LATDbits   0x000f8c       data     extern E:\3.46\pic18-lt\cxx-framework\src\traditional\proc\p18f452.asm
                     LATD   0x000f8c       data     extern E:\3.46\pic18-lt\cxx-framework\src\traditional\proc\p18f452.asm
                 LATEbits   0x000f8d       data     extern E:\3.46\pic18-lt\cxx-framework\src\traditional\proc\p18f452.asm
                     LATE   0x000f8d       data     extern E:\3.46\pic18-lt\cxx-framework\src\traditional\proc\p18f452.asm
                TRISAbits   0x000f92       data     extern E:\3.46\pic18-lt\cxx-framework\src\traditional\proc\p18f452.asm
                    TRISA   0x000f92       data     extern E:\3.46\pic18-lt\cxx-framework\src\traditional\proc\p18f452.asm
                 DDRAbits   0x000f92       data     extern E:\3.46\pic18-lt\cxx-framework\src\traditional\proc\p18f452.asm
                     DDRA   0x000f92       data     extern E:\3.46\pic18-lt\cxx-framework\src\traditional\proc\p18f452.asm
                 DDRBbits   0x000f93       data     extern E:\3.46\pic18-lt\cxx-framework\src\traditional\proc\p18f452.asm
                     DDRB   0x000f93       data     extern E:\3.46\pic18-lt\cxx-framework\src\traditional\proc\p18f452.asm
                TRISBbits   0x000f93       data     extern E:\3.46\pic18-lt\cxx-framework\src\traditional\proc\p18f452.asm
                    TRISB   0x000f93       data     extern E:\3.46\pic18-lt\cxx-framework\src\traditional\proc\p18f452.asm
                TRISCbits   0x000f94       data     extern E:\3.46\pic18-lt\cxx-framework\src\traditional\proc\p18f452.asm
                    TRISC   0x000f94       data     extern E:\3.46\pic18-lt\cxx-framework\src\traditional\proc\p18f452.asm
                     DDRC   0x000f94       data     extern E:\3.46\pic18-lt\cxx-framework\src\traditional\proc\p18f452.asm
                 DDRCbits   0x000f94       data     extern E:\3.46\pic18-lt\cxx-framework\src\traditional\proc\p18f452.asm
                TRISDbits   0x000f95       data     extern E:\3.46\pic18-lt\cxx-framework\src\traditional\proc\p18f452.asm
                    TRISD   0x000f95       data     extern E:\3.46\pic18-lt\cxx-framework\src\traditional\proc\p18f452.asm
                     DDRD   0x000f95       data     extern E:\3.46\pic18-lt\cxx-framework\src\traditional\proc\p18f452.asm
                 DDRDbits   0x000f95       data     extern E:\3.46\pic18-lt\cxx-framework\src\traditional\proc\p18f452.asm
                TRISEbits   0x000f96       data     extern E:\3.46\pic18-lt\cxx-framework\src\traditional\proc\p18f452.asm
                    TRISE   0x000f96       data     extern E:\3.46\pic18-lt\cxx-framework\src\traditional\proc\p18f452.asm
                     DDRE   0x000f96       data     extern E:\3.46\pic18-lt\cxx-framework\src\traditional\proc\p18f452.asm
                 DDREbits   0x000f96       data     extern E:\3.46\pic18-lt\cxx-framework\src\traditional\proc\p18f452.asm
                 PIE1bits   0x000f9d       data     extern E:\3.46\pic18-lt\cxx-framework\src\traditional\proc\p18f452.asm
                     PIE1   0x000f9d       data     extern E:\3.46\pic18-lt\cxx-framework\src\traditional\proc\p18f452.asm
                     PIR1   0x000f9e       data     extern E:\3.46\pic18-lt\cxx-framework\src\traditional\proc\p18f452.asm
                 PIR1bits   0x000f9e       data     extern E:\3.46\pic18-lt\cxx-framework\src\traditional\proc\p18f452.asm
                 IPR1bits   0x000f9f       data     extern E:\3.46\pic18-lt\cxx-framework\src\traditional\proc\p18f452.asm
                     IPR1   0x000f9f       data     extern E:\3.46\pic18-lt\cxx-framework\src\traditional\proc\p18f452.asm
                     PIE2   0x000fa0       data     extern E:\3.46\pic18-lt\cxx-framework\src\traditional\proc\p18f452.asm
                 PIE2bits   0x000fa0       data     extern E:\3.46\pic18-lt\cxx-framework\src\traditional\proc\p18f452.asm
                     PIR2   0x000fa1       data     extern E:\3.46\pic18-lt\cxx-framework\src\traditional\proc\p18f452.asm
                 PIR2bits   0x000fa1       data     extern E:\3.46\pic18-lt\cxx-framework\src\traditional\proc\p18f452.asm
                 IPR2bits   0x000fa2       data     extern E:\3.46\pic18-lt\cxx-framework\src\traditional\proc\p18f452.asm
                     IPR2   0x000fa2       data     extern E:\3.46\pic18-lt\cxx-framework\src\traditional\proc\p18f452.asm
                   EECON1   0x000fa6       data     extern E:\3.46\pic18-lt\cxx-framework\src\traditional\proc\p18f452.asm
               EECON1bits   0x000fa6       data     extern E:\3.46\pic18-lt\cxx-framework\src\traditional\proc\p18f452.asm
                   EECON2   0x000fa7       data     extern E:\3.46\pic18-lt\cxx-framework\src\traditional\proc\p18f452.asm
                   EEDATA   0x000fa8       data     extern E:\3.46\pic18-lt\cxx-framework\src\traditional\proc\p18f452.asm
                    EEADR   0x000fa9       data     extern E:\3.46\pic18-lt\cxx-framework\src\traditional\proc\p18f452.asm
                RCSTAbits   0x000fab       data     extern E:\3.46\pic18-lt\cxx-framework\src\traditional\proc\p18f452.asm
                    RCSTA   0x000fab       data     extern E:\3.46\pic18-lt\cxx-framework\src\traditional\proc\p18f452.asm
                    TXSTA   0x000fac       data     extern E:\3.46\pic18-lt\cxx-framework\src\traditional\proc\p18f452.asm
                TXSTAbits   0x000fac       data     extern E:\3.46\pic18-lt\cxx-framework\src\traditional\proc\p18f452.asm
                    TXREG   0x000fad       data     extern E:\3.46\pic18-lt\cxx-framework\src\traditional\proc\p18f452.asm
                    RCREG   0x000fae       data     extern E:\3.46\pic18-lt\cxx-framework\src\traditional\proc\p18f452.asm
                    SPBRG   0x000faf       data     extern E:\3.46\pic18-lt\cxx-framework\src\traditional\proc\p18f452.asm
                    T3CON   0x000fb1       data     extern E:\3.46\pic18-lt\cxx-framework\src\traditional\proc\p18f452.asm
                T3CONbits   0x000fb1       data     extern E:\3.46\pic18-lt\cxx-framework\src\traditional\proc\p18f452.asm
                    TMR3L   0x000fb2       data     extern E:\3.46\pic18-lt\cxx-framework\src\traditional\proc\p18f452.asm
                    TMR3H   0x000fb3       data     extern E:\3.46\pic18-lt\cxx-framework\src\traditional\proc\p18f452.asm
              CCP2CONbits   0x000fba       data     extern E:\3.46\pic18-lt\cxx-framework\src\traditional\proc\p18f452.asm
                  CCP2CON   0x000fba       data     extern E:\3.46\pic18-lt\cxx-framework\src\traditional\proc\p18f452.asm
                    CCPR2   0x000fbb       data     extern E:\3.46\pic18-lt\cxx-framework\src\traditional\proc\p18f452.asm
                   CCPR2L   0x000fbb       data     extern E:\3.46\pic18-lt\cxx-framework\src\traditional\proc\p18f452.asm
                   CCPR2H   0x000fbc       data     extern E:\3.46\pic18-lt\cxx-framework\src\traditional\proc\p18f452.asm
                  CCP1CON   0x000fbd       data     extern E:\3.46\pic18-lt\cxx-framework\src\traditional\proc\p18f452.asm
              CCP1CONbits   0x000fbd       data     extern E:\3.46\pic18-lt\cxx-framework\src\traditional\proc\p18f452.asm
                    CCPR1   0x000fbe       data     extern E:\3.46\pic18-lt\cxx-framework\src\traditional\proc\p18f452.asm
                   CCPR1L   0x000fbe       data     extern E:\3.46\pic18-lt\cxx-framework\src\traditional\proc\p18f452.asm
                   CCPR1H   0x000fbf       data     extern E:\3.46\pic18-lt\cxx-framework\src\traditional\proc\p18f452.asm
                   ADCON1   0x000fc1       data     extern E:\3.46\pic18-lt\cxx-framework\src\traditional\proc\p18f452.asm
               ADCON1bits   0x000fc1       data     extern E:\3.46\pic18-lt\cxx-framework\src\traditional\proc\p18f452.asm
                   ADCON0   0x000fc2       data     extern E:\3.46\pic18-lt\cxx-framework\src\traditional\proc\p18f452.asm
               ADCON0bits   0x000fc2       data     extern E:\3.46\pic18-lt\cxx-framework\src\traditional\proc\p18f452.asm
                   ADRESL   0x000fc3       data     extern E:\3.46\pic18-lt\cxx-framework\src\traditional\proc\p18f452.asm
                    ADRES   0x000fc3       data     extern E:\3.46\pic18-lt\cxx-framework\src\traditional\proc\p18f452.asm
                   ADRESH   0x000fc4       data     extern E:\3.46\pic18-lt\cxx-framework\src\traditional\proc\p18f452.asm
                  SSPCON2   0x000fc5       data     extern E:\3.46\pic18-lt\cxx-framework\src\traditional\proc\p18f452.asm
              SSPCON2bits   0x000fc5       data     extern E:\3.46\pic18-lt\cxx-framework\src\traditional\proc\p18f452.asm
                  SSPCON1   0x000fc6       data     extern E:\3.46\pic18-lt\cxx-framework\src\traditional\proc\p18f452.asm
              SSPCON1bits   0x000fc6       data     extern E:\3.46\pic18-lt\cxx-framework\src\traditional\proc\p18f452.asm
                  SSPSTAT   0x000fc7       data     extern E:\3.46\pic18-lt\cxx-framework\src\traditional\proc\p18f452.asm
              SSPSTATbits   0x000fc7       data     extern E:\3.46\pic18-lt\cxx-framework\src\traditional\proc\p18f452.asm
                   SSPADD   0x000fc8       data     extern E:\3.46\pic18-lt\cxx-framework\src\traditional\proc\p18f452.asm
                   SSPBUF   0x000fc9       data     extern E:\3.46\pic18-lt\cxx-framework\src\traditional\proc\p18f452.asm
                    T2CON   0x000fca       data     extern E:\3.46\pic18-lt\cxx-framework\src\traditional\proc\p18f452.asm
                T2CONbits   0x000fca       data     extern E:\3.46\pic18-lt\cxx-framework\src\traditional\proc\p18f452.asm
                      PR2   0x000fcb       data     extern E:\3.46\pic18-lt\cxx-framework\src\traditional\proc\p18f452.asm
                     TMR2   0x000fcc       data     extern E:\3.46\pic18-lt\cxx-framework\src\traditional\proc\p18f452.asm
                    T1CON   0x000fcd       data     extern E:\3.46\pic18-lt\cxx-framework\src\traditional\proc\p18f452.asm
                T1CONbits   0x000fcd       data     extern E:\3.46\pic18-lt\cxx-framework\src\traditional\proc\p18f452.asm
                    TMR1L   0x000fce       data     extern E:\3.46\pic18-lt\cxx-framework\src\traditional\proc\p18f452.asm
                    TMR1H   0x000fcf       data     extern E:\3.46\pic18-lt\cxx-framework\src\traditional\proc\p18f452.asm
                     RCON   0x000fd0       data     extern E:\3.46\pic18-lt\cxx-framework\src\traditional\proc\p18f452.asm
                 RCONbits   0x000fd0       data     extern E:\3.46\pic18-lt\cxx-framework\src\traditional\proc\p18f452.asm
                   WDTCON   0x000fd1       data     extern E:\3.46\pic18-lt\cxx-framework\src\traditional\proc\p18f452.asm
               WDTCONbits   0x000fd1       data     extern E:\3.46\pic18-lt\cxx-framework\src\traditional\proc\p18f452.asm
               LVDCONbits   0x000fd2       data     extern E:\3.46\pic18-lt\cxx-framework\src\traditional\proc\p18f452.asm
                   LVDCON   0x000fd2       data     extern E:\3.46\pic18-lt\cxx-framework\src\traditional\proc\p18f452.asm
                   OSCCON   0x000fd3       data     extern E:\3.46\pic18-lt\cxx-framework\src\traditional\proc\p18f452.asm
               OSCCONbits   0x000fd3       data     extern E:\3.46\pic18-lt\cxx-framework\src\traditional\proc\p18f452.asm
                    T0CON   0x000fd5       data     extern E:\3.46\pic18-lt\cxx-framework\src\traditional\proc\p18f452.asm
                T0CONbits   0x000fd5       data     extern E:\3.46\pic18-lt\cxx-framework\src\traditional\proc\p18f452.asm
                    TMR0L   0x000fd6       data     extern E:\3.46\pic18-lt\cxx-framework\src\traditional\proc\p18f452.asm
                    TMR0H   0x000fd7       data     extern E:\3.46\pic18-lt\cxx-framework\src\traditional\proc\p18f452.asm
                   STATUS   0x000fd8       data     extern E:\3.46\pic18-lt\cxx-framework\src\traditional\proc\p18f452.asm
               STATUSbits   0x000fd8       data     extern E:\3.46\pic18-lt\cxx-framework\src\traditional\proc\p18f452.asm
                     FSR2   0x000fd9       data     extern E:\3.46\pic18-lt\cxx-framework\src\traditional\proc\p18f452.asm
                    FSR2L   0x000fd9       data     extern E:\3.46\pic18-lt\cxx-framework\src\traditional\proc\p18f452.asm
                    FSR2H   0x000fda       data     extern E:\3.46\pic18-lt\cxx-framework\src\traditional\proc\p18f452.asm
                   PLUSW2   0x000fdb       data     extern E:\3.46\pic18-lt\cxx-framework\src\traditional\proc\p18f452.asm
                  PREINC2   0x000fdc       data     extern E:\3.46\pic18-lt\cxx-framework\src\traditional\proc\p18f452.asm
                 POSTDEC2   0x000fdd       data     extern E:\3.46\pic18-lt\cxx-framework\src\traditional\proc\p18f452.asm
                 POSTINC2   0x000fde       data     extern E:\3.46\pic18-lt\cxx-framework\src\traditional\proc\p18f452.asm
                    INDF2   0x000fdf       data     extern E:\3.46\pic18-lt\cxx-framework\src\traditional\proc\p18f452.asm
                      BSR   0x000fe0       data     extern E:\3.46\pic18-lt\cxx-framework\src\traditional\proc\p18f452.asm
                    FSR1L   0x000fe1       data     extern E:\3.46\pic18-lt\cxx-framework\src\traditional\proc\p18f452.asm
                     FSR1   0x000fe1       data     extern E:\3.46\pic18-lt\cxx-framework\src\traditional\proc\p18f452.asm
                    FSR1H   0x000fe2       data     extern E:\3.46\pic18-lt\cxx-framework\src\traditional\proc\p18f452.asm
                   PLUSW1   0x000fe3       data     extern E:\3.46\pic18-lt\cxx-framework\src\traditional\proc\p18f452.asm
                  PREINC1   0x000fe4       data     extern E:\3.46\pic18-lt\cxx-framework\src\traditional\proc\p18f452.asm
                 POSTDEC1   0x000fe5       data     extern E:\3.46\pic18-lt\cxx-framework\src\traditional\proc\p18f452.asm
                 POSTINC1   0x000fe6       data     extern E:\3.46\pic18-lt\cxx-framework\src\traditional\proc\p18f452.asm
                    INDF1   0x000fe7       data     extern E:\3.46\pic18-lt\cxx-framework\src\traditional\proc\p18f452.asm
                     WREG   0x000fe8       data     extern E:\3.46\pic18-lt\cxx-framework\src\traditional\proc\p18f452.asm
                        W   0x000fe8       data     extern E:\3.46\pic18-lt\cxx-framework\src\traditional\proc\p18f452.asm
                     FSR0   0x000fe9       data     extern E:\3.46\pic18-lt\cxx-framework\src\traditional\proc\p18f452.asm
                    FSR0L   0x000fe9       data     extern E:\3.46\pic18-lt\cxx-framework\src\traditional\proc\p18f452.asm
                    FSR0H   0x000fea       data     extern E:\3.46\pic18-lt\cxx-framework\src\traditional\proc\p18f452.asm
                   PLUSW0   0x000feb       data     extern E:\3.46\pic18-lt\cxx-framework\src\traditional\proc\p18f452.asm
                  PREINC0   0x000fec       data     extern E:\3.46\pic18-lt\cxx-framework\src\traditional\proc\p18f452.asm
                 POSTDEC0   0x000fed       data     extern E:\3.46\pic18-lt\cxx-framework\src\traditional\proc\p18f452.asm
                 POSTINC0   0x000fee       data     extern E:\3.46\pic18-lt\cxx-framework\src\traditional\proc\p18f452.asm
                    INDF0   0x000fef       data     extern E:\3.46\pic18-lt\cxx-framework\src\traditional\proc\p18f452.asm
                  INTCON3   0x000ff0       data     extern E:\3.46\pic18-lt\cxx-framework\src\traditional\proc\p18f452.asm
              INTCON3bits   0x000ff0       data     extern E:\3.46\pic18-lt\cxx-framework\src\traditional\proc\p18f452.asm
              INTCON2bits   0x000ff1       data     extern E:\3.46\pic18-lt\cxx-framework\src\traditional\proc\p18f452.asm
                  INTCON2   0x000ff1       data     extern E:\3.46\pic18-lt\cxx-framework\src\traditional\proc\p18f452.asm
              INTCON1bits   0x000ff2       data     extern E:\3.46\pic18-lt\cxx-framework\src\traditional\proc\p18f452.asm
                  INTCON1   0x000ff2       data     extern E:\3.46\pic18-lt\cxx-framework\src\traditional\proc\p18f452.asm
                   INTCON   0x000ff2       data     extern E:\3.46\pic18-lt\cxx-framework\src\traditional\proc\p18f452.asm
               INTCONbits   0x000ff2       data     extern E:\3.46\pic18-lt\cxx-framework\src\traditional\proc\p18f452.asm
                     PROD   0x000ff3       data     extern E:\3.46\pic18-lt\cxx-framework\src\traditional\proc\p18f452.asm
                    PRODL   0x000ff3       data     extern E:\3.46\pic18-lt\cxx-framework\src\traditional\proc\p18f452.asm
                    PRODH   0x000ff4       data     extern E:\3.46\pic18-lt\cxx-framework\src\traditional\proc\p18f452.asm
                   TABLAT   0x000ff5       data     extern E:\3.46\pic18-lt\cxx-framework\src\traditional\proc\p18f452.asm
                   TBLPTR   0x000ff6       data     extern E:\3.46\pic18-lt\cxx-framework\src\traditional\proc\p18f452.asm
                  TBLPTRL   0x000ff6       data     extern E:\3.46\pic18-lt\cxx-framework\src\traditional\proc\p18f452.asm
                  TBLPTRH   0x000ff7       data     extern E:\3.46\pic18-lt\cxx-framework\src\traditional\proc\p18f452.asm
                  TBLPTRU   0x000ff8       data     extern E:\3.46\pic18-lt\cxx-framework\src\traditional\proc\p18f452.asm
                       PC   0x000ff9       data     extern E:\3.46\pic18-lt\cxx-framework\src\traditional\proc\p18f452.asm
                      PCL   0x000ff9       data     extern E:\3.46\pic18-lt\cxx-framework\src\traditional\proc\p18f452.asm
                   PCLATH   0x000ffa       data     extern E:\3.46\pic18-lt\cxx-framework\src\traditional\proc\p18f452.asm
                   PCLATU   0x000ffb       data     extern E:\3.46\pic18-lt\cxx-framework\src\traditional\proc\p18f452.asm
               STKPTRbits   0x000ffc       data     extern E:\3.46\pic18-lt\cxx-framework\src\traditional\proc\p18f452.asm
                   STKPTR   0x000ffc       data     extern E:\3.46\pic18-lt\cxx-framework\src\traditional\proc\p18f452.asm
                      TOS   0x000ffd       data     extern E:\3.46\pic18-lt\cxx-framework\src\traditional\proc\p18f452.asm
                     TOSL   0x000ffd       data     extern E:\3.46\pic18-lt\cxx-framework\src\traditional\proc\p18f452.asm
                     TOSH   0x000ffe       data     extern E:\3.46\pic18-lt\cxx-framework\src\traditional\proc\p18f452.asm
                     TOSU   0x000fff       data     extern E:\3.46\pic18-lt\cxx-framework\src\traditional\proc\p18f452.asm


